Archive member included to satisfy reference by file (symbol)

../Lib/Autom\libSBR_autom_obs-corr.a(regulation.o)
                              Src\freertos.o (autoAlgo_angleObs)
c:/program files (x86)/atollic/truestudio for stm32 9.3.0/armtools/bin/../lib/gcc/arm-atollic-eabi/6.3.1/../../../../arm-atollic-eabi/lib/armv7-m\libc_nano.a(lib_a-init.o)
                              startup\startup_stm32l152xe.o (__libc_init_array)
c:/program files (x86)/atollic/truestudio for stm32 9.3.0/armtools/bin/../lib/gcc/arm-atollic-eabi/6.3.1/../../../../arm-atollic-eabi/lib/armv7-m\libc_nano.a(lib_a-memcpy-stub.o)
                              Middlewares\Third_Party\FreeRTOS\Source\queue.o (memcpy)
c:/program files (x86)/atollic/truestudio for stm32 9.3.0/armtools/bin/../lib/gcc/arm-atollic-eabi/6.3.1/../../../../arm-atollic-eabi/lib/armv7-m\libc_nano.a(lib_a-memset.o)
                              Middlewares\Third_Party\FreeRTOS\Source\tasks.o (memset)
c:/program files (x86)/atollic/truestudio for stm32 9.3.0/armtools/bin/../lib/gcc/arm-atollic-eabi/6.3.1/../../../../arm-atollic-eabi/lib/armv7-m\libc_nano.a(lib_a-sprintf.o)
                              Src\freertos.o (sprintf)
c:/program files (x86)/atollic/truestudio for stm32 9.3.0/armtools/bin/../lib/gcc/arm-atollic-eabi/6.3.1/../../../../arm-atollic-eabi/lib/armv7-m\libc_nano.a(lib_a-strcmp.o)
                              Src\freertos.o (strcmp)
c:/program files (x86)/atollic/truestudio for stm32 9.3.0/armtools/bin/../lib/gcc/arm-atollic-eabi/6.3.1/../../../../arm-atollic-eabi/lib/armv7-m\libc_nano.a(lib_a-strncmp.o)
                              Middlewares\TraceRecorder\trcSnapshotRecorder.o (strncmp)
c:/program files (x86)/atollic/truestudio for stm32 9.3.0/armtools/bin/../lib/gcc/arm-atollic-eabi/6.3.1/../../../../arm-atollic-eabi/lib/armv7-m\libc_nano.a(lib_a-impure.o)
                              c:/program files (x86)/atollic/truestudio for stm32 9.3.0/armtools/bin/../lib/gcc/arm-atollic-eabi/6.3.1/../../../../arm-atollic-eabi/lib/armv7-m\libc_nano.a(lib_a-sprintf.o) (_impure_ptr)
c:/program files (x86)/atollic/truestudio for stm32 9.3.0/armtools/bin/../lib/gcc/arm-atollic-eabi/6.3.1/../../../../arm-atollic-eabi/lib/armv7-m\libc_nano.a(lib_a-nano-svfprintf.o)
                              c:/program files (x86)/atollic/truestudio for stm32 9.3.0/armtools/bin/../lib/gcc/arm-atollic-eabi/6.3.1/../../../../arm-atollic-eabi/lib/armv7-m\libc_nano.a(lib_a-sprintf.o) (_svfprintf_r)
c:/program files (x86)/atollic/truestudio for stm32 9.3.0/armtools/bin/../lib/gcc/arm-atollic-eabi/6.3.1/../../../../arm-atollic-eabi/lib/armv7-m\libc_nano.a(lib_a-nano-vfprintf_i.o)
                              c:/program files (x86)/atollic/truestudio for stm32 9.3.0/armtools/bin/../lib/gcc/arm-atollic-eabi/6.3.1/../../../../arm-atollic-eabi/lib/armv7-m\libc_nano.a(lib_a-nano-svfprintf.o) (_printf_i)
c:/program files (x86)/atollic/truestudio for stm32 9.3.0/armtools/bin/../lib/gcc/arm-atollic-eabi/6.3.1/../../../../arm-atollic-eabi/lib/armv7-m\libc_nano.a(lib_a-memchr-stub.o)
                              c:/program files (x86)/atollic/truestudio for stm32 9.3.0/armtools/bin/../lib/gcc/arm-atollic-eabi/6.3.1/../../../../arm-atollic-eabi/lib/armv7-m\libc_nano.a(lib_a-nano-svfprintf.o) (memchr)
c:/program files (x86)/atollic/truestudio for stm32 9.3.0/armtools/bin/../lib/gcc/arm-atollic-eabi/6.3.1/../../../../arm-atollic-eabi/lib/armv7-m\libc_nano.a(lib_a-memmove.o)
                              c:/program files (x86)/atollic/truestudio for stm32 9.3.0/armtools/bin/../lib/gcc/arm-atollic-eabi/6.3.1/../../../../arm-atollic-eabi/lib/armv7-m\libc_nano.a(lib_a-nano-svfprintf.o) (memmove)
c:/program files (x86)/atollic/truestudio for stm32 9.3.0/armtools/bin/../lib/gcc/arm-atollic-eabi/6.3.1/../../../../arm-atollic-eabi/lib/armv7-m\libc_nano.a(lib_a-nano-freer.o)
                              c:/program files (x86)/atollic/truestudio for stm32 9.3.0/armtools/bin/../lib/gcc/arm-atollic-eabi/6.3.1/../../../../arm-atollic-eabi/lib/armv7-m\libc_nano.a(lib_a-nano-svfprintf.o) (_free_r)
c:/program files (x86)/atollic/truestudio for stm32 9.3.0/armtools/bin/../lib/gcc/arm-atollic-eabi/6.3.1/../../../../arm-atollic-eabi/lib/armv7-m\libc_nano.a(lib_a-nano-mallocr.o)
                              c:/program files (x86)/atollic/truestudio for stm32 9.3.0/armtools/bin/../lib/gcc/arm-atollic-eabi/6.3.1/../../../../arm-atollic-eabi/lib/armv7-m\libc_nano.a(lib_a-nano-svfprintf.o) (_malloc_r)
c:/program files (x86)/atollic/truestudio for stm32 9.3.0/armtools/bin/../lib/gcc/arm-atollic-eabi/6.3.1/../../../../arm-atollic-eabi/lib/armv7-m\libc_nano.a(lib_a-nano-reallocr.o)
                              c:/program files (x86)/atollic/truestudio for stm32 9.3.0/armtools/bin/../lib/gcc/arm-atollic-eabi/6.3.1/../../../../arm-atollic-eabi/lib/armv7-m\libc_nano.a(lib_a-nano-svfprintf.o) (_realloc_r)
[...]
Memory Configuration

Name             Origin             Length             Attributes
RAM              0x20000000         0x00014000         xrw
FLASH            0x08000000         0x00080000         xr
*default*        0x00000000         0xffffffff

Linker script and memory map

LOAD c:/program files (x86)/atollic/truestudio for stm32 9.3.0/armtools/bin/../lib/gcc/arm-atollic-eabi/6.3.1/armv7-m/crti.o
LOAD c:/program files (x86)/atollic/truestudio for stm32 9.3.0/armtools/bin/../lib/gcc/arm-atollic-eabi/6.3.1/armv7-m/crtbegin.o
LOAD Drivers\MeSN\LSM6DS3\lsm6ds3.o
LOAD Drivers\MeSN\LSM6DS3\lsm6ds3_port.o
LOAD Drivers\MeSN\MotorDriver\MotorDriver.o
LOAD Drivers\MeSN\MotorDriver\MotorDriver_port.o
LOAD Drivers\MeSN\UART\mesn_uart.o
LOAD Drivers\MeSN\i2c\MeSN_i2c.o
LOAD Drivers\STM32L1xx_HAL_Driver\Src\stm32l1xx_hal.o
LOAD Drivers\STM32L1xx_HAL_Driver\Src\stm32l1xx_hal_cortex.o
LOAD Drivers\STM32L1xx_HAL_Driver\Src\stm32l1xx_hal_dma.o
LOAD Drivers\STM32L1xx_HAL_Driver\Src\stm32l1xx_hal_flash.o
LOAD Drivers\STM32L1xx_HAL_Driver\Src\stm32l1xx_hal_flash_ex.o
LOAD Drivers\STM32L1xx_HAL_Driver\Src\stm32l1xx_hal_flash_ramfunc.o
LOAD Drivers\STM32L1xx_HAL_Driver\Src\stm32l1xx_hal_gpio.o
LOAD Drivers\STM32L1xx_HAL_Driver\Src\stm32l1xx_hal_i2c.o
LOAD Drivers\STM32L1xx_HAL_Driver\Src\stm32l1xx_hal_pwr.o
LOAD Drivers\STM32L1xx_HAL_Driver\Src\stm32l1xx_hal_pwr_ex.o
LOAD Drivers\STM32L1xx_HAL_Driver\Src\stm32l1xx_hal_rcc.o
LOAD Drivers\STM32L1xx_HAL_Driver\Src\stm32l1xx_hal_rcc_ex.o
LOAD Drivers\STM32L1xx_HAL_Driver\Src\stm32l1xx_hal_tim.o
LOAD Drivers\STM32L1xx_HAL_Driver\Src\stm32l1xx_hal_tim_ex.o
LOAD Middlewares\Third_Party\FreeRTOS\Source\CMSIS_RTOS\cmsis_os.o
LOAD Middlewares\Third_Party\FreeRTOS\Source\croutine.o
LOAD Middlewares\Third_Party\FreeRTOS\Source\event_groups.o
LOAD Middlewares\Third_Party\FreeRTOS\Source\list.o
LOAD Middlewares\Third_Party\FreeRTOS\Source\portable\GCC\ARM_CM3\port.o
LOAD Middlewares\Third_Party\FreeRTOS\Source\portable\MemMang\heap_1.o
LOAD Middlewares\Third_Party\FreeRTOS\Source\queue.o
LOAD Middlewares\Third_Party\FreeRTOS\Source\tasks.o
LOAD Middlewares\Third_Party\FreeRTOS\Source\timers.o
LOAD Middlewares\TraceRecorder\trcKernelPort.o
LOAD Middlewares\TraceRecorder\trcSnapshotRecorder.o
LOAD Middlewares\TraceRecorder\trcStreamingRecorder.o
LOAD Src\freertos.o
LOAD Src\gpio.o
LOAD Src\main.o
LOAD Src\stm32l1xx_hal_msp.o
LOAD Src\stm32l1xx_hal_timebase_tim.o
LOAD Src\stm32l1xx_it.o
LOAD Src\system_stm32l1xx.o
LOAD Src\tim.o
LOAD startup\startup_stm32l152xe.o
LOAD ../Lib/Autom\libSBR_autom_obs-corr.a
                0x00000080                malloc_getpagesize_P = 0x80
START GROUP
LOAD c:/program files (x86)/atollic/truestudio for stm32 9.3.0/armtools/bin/../lib/gcc/arm-atollic-eabi/6.3.1/../../../../arm-atollic-eabi/lib/armv7-m\libc_nano.a
LOAD c:/program files (x86)/atollic/truestudio for stm32 9.3.0/armtools/bin/../lib/gcc/arm-atollic-eabi/6.3.1/../../../../arm-atollic-eabi/lib/armv7-m\libm.a
END GROUP
START GROUP
LOAD c:/program files (x86)/atollic/truestudio for stm32 9.3.0/armtools/bin/../lib/gcc/arm-atollic-eabi/6.3.1/armv7-m\libgcc.a
LOAD c:/program files (x86)/atollic/truestudio for stm32 9.3.0/armtools/bin/../lib/gcc/arm-atollic-eabi/6.3.1/../../../../arm-atollic-eabi/lib/armv7-m\libc_nano.a
END GROUP
START GROUP
LOAD c:/program files (x86)/atollic/truestudio for stm32 9.3.0/armtools/bin/../lib/gcc/arm-atollic-eabi/6.3.1/armv7-m\libgcc.a
LOAD c:/program files (x86)/atollic/truestudio for stm32 9.3.0/armtools/bin/../lib/gcc/arm-atollic-eabi/6.3.1/../../../../arm-atollic-eabi/lib/armv7-m\libc_nano.a
LOAD c:/program files (x86)/atollic/truestudio for stm32 9.3.0/armtools/bin/../lib/gcc/arm-atollic-eabi/6.3.1/../../../../arm-atollic-eabi/lib/armv7-m\libnosys.a
END GROUP
START GROUP
LOAD c:/program files (x86)/atollic/truestudio for stm32 9.3.0/armtools/bin/../lib/gcc/arm-atollic-eabi/6.3.1/armv7-m\libgcc.a
LOAD c:/program files (x86)/atollic/truestudio for stm32 9.3.0/armtools/bin/../lib/gcc/arm-atollic-eabi/6.3.1/../../../../arm-atollic-eabi/lib/armv7-m\libc_nano.a
LOAD c:/program files (x86)/atollic/truestudio for stm32 9.3.0/armtools/bin/../lib/gcc/arm-atollic-eabi/6.3.1/../../../../arm-atollic-eabi/lib/armv7-m\libnosys.a
END GROUP
LOAD c:/program files (x86)/atollic/truestudio for stm32 9.3.0/armtools/bin/../lib/gcc/arm-atollic-eabi/6.3.1/armv7-m/crtend.o
LOAD c:/program files (x86)/atollic/truestudio for stm32 9.3.0/armtools/bin/../lib/gcc/arm-atollic-eabi/6.3.1/armv7-m/crtn.o
                0x20014000                _estack = 0x20014000
                0x00000200                _Min_Heap_Size = 0x200
                0x00000400                _Min_Stack_Size = 0x400

.isr_vector     0x08000000      0x13c
                0x08000000                . = ALIGN (0x4)
 *(.isr_vector)
 .isr_vector    0x08000000      0x13c startup\startup_stm32l152xe.o
                0x08000000                g_pfnVectors
                0x0800013c                . = ALIGN (0x4)

.text           0x08000140     0x7780
                0x08000140                . = ALIGN (0x4)
 *(.text)
 .text          0x08000140       0x40 c:/program files (x86)/atollic/truestudio for stm32 9.3.0/armtools/bin/../lib/gcc/arm-atollic-eabi/6.3.1/armv7-m/crtbegin.o
 .text          0x08000180       0x14 c:/program files (x86)/atollic/truestudio for stm32 9.3.0/armtools/bin/../lib/gcc/arm-atollic-eabi/6.3.1/../../../../arm-atollic-eabi/lib/armv7-m\libc_nano.a(lib_a-strcmp.o)
                0x08000180                strcmp
 .text          0x08000194      0x370 c:/program files (x86)/atollic/truestudio for stm32 9.3.0/armtools/bin/../lib/gcc/arm-atollic-eabi/6.3.1/armv7-m\libgcc.a(_arm_addsubdf3.o)
                0x08000194                __aeabi_drsub
                0x0800019c                __aeabi_dsub
                0x0800019c                __subdf3
                0x080001a0                __aeabi_dadd
                0x080001a0                __adddf3
                0x08000418                __floatunsidf
                0x08000418                __aeabi_ui2d
                0x08000438                __floatsidf
                0x08000438                __aeabi_i2d
                0x0800045c                __aeabi_f2d
                0x0800045c                __extendsfdf2
                0x08000498                __floatundidf
                0x08000498                __aeabi_ul2d
                0x080004a8                __floatdidf
                0x080004a8                __aeabi_l2d
 .text          0x08000504      0x424 c:/program files (x86)/atollic/truestudio for stm32 9.3.0/armtools/bin/../lib/gcc/arm-atollic-eabi/6.3.1/armv7-m\libgcc.a(_arm_muldivdf3.o)
                0x08000504                __aeabi_dmul
                0x08000504                __muldf3
                0x08000758                __divdf3
                0x08000758                __aeabi_ddiv
 .text          0x08000928      0x110 c:/program files (x86)/atollic/truestudio for stm32 9.3.0/armtools/bin/../lib/gcc/arm-atollic-eabi/6.3.1/armv7-m\libgcc.a(_arm_cmpdf2.o)
                0x08000928                __gtdf2
                0x08000928                __gedf2
                0x08000930                __ltdf2
                0x08000930                __ledf2
                0x08000938                __nedf2
                0x08000938                __eqdf2
                0x08000938                __cmpdf2
                0x080009b4                __aeabi_cdrcmple
                0x080009c4                __aeabi_cdcmpeq
                0x080009c4                __aeabi_cdcmple
                0x080009d4                __aeabi_dcmpeq
                0x080009e8                __aeabi_dcmplt
                0x080009fc                __aeabi_dcmple
                0x08000a10                __aeabi_dcmpge
                0x08000a24                __aeabi_dcmpgt
 .text          0x08000a38       0x2c c:/program files (x86)/atollic/truestudio for stm32 9.3.0/armtools/bin/../lib/gcc/arm-atollic-eabi/6.3.1/armv7-m\libgcc.a(_arm_unorddf2.o)
                0x08000a38                __unorddf2
                0x08000a38                __aeabi_dcmpun
 .text          0x08000a64       0xa0 c:/program files (x86)/atollic/truestudio for stm32 9.3.0/armtools/bin/../lib/gcc/arm-atollic-eabi/6.3.1/armv7-m\libgcc.a(_arm_truncdfsf2.o)
                0x08000a64                __truncdfsf2
                0x08000a64                __aeabi_d2f
 .text          0x08000b04      0x21c c:/program files (x86)/atollic/truestudio for stm32 9.3.0/armtools/bin/../lib/gcc/arm-atollic-eabi/6.3.1/armv7-m\libgcc.a(_arm_addsubsf3.o)
                0x08000b04                __aeabi_frsub
                0x08000b0c                __subsf3
                0x08000b0c                __aeabi_fsub
                0x08000b10                __aeabi_fadd
                0x08000b10                __addsf3
                0x08000c70                __aeabi_ui2f
                0x08000c70                __floatunsisf
                0x08000c78                __aeabi_i2f
                0x08000c78                __floatsisf
                0x08000c94                __aeabi_ul2f
                0x08000c94                __floatundisf
                0x08000ca4                __aeabi_l2f
                0x08000ca4                __floatdisf
 .text          0x08000d20      0x2a0 c:/program files (x86)/atollic/truestudio for stm32 9.3.0/armtools/bin/../lib/gcc/arm-atollic-eabi/6.3.1/armv7-m\libgcc.a(_arm_muldivsf3.o)
                0x08000d20                __mulsf3
                0x08000d20                __aeabi_fmul
                0x08000e88                __aeabi_fdiv
                0x08000e88                __divsf3
 .text          0x08000fc0       0x4c c:/program files (x86)/atollic/truestudio for stm32 9.3.0/armtools/bin/../lib/gcc/arm-atollic-eabi/6.3.1/armv7-m\libgcc.a(_arm_fixsfsi.o)
                0x08000fc0                __aeabi_f2iz
                0x08000fc0                __fixsfsi
 *(.text*)
 .text.LSM6DS3_readRawAccelX
                0x0800100c        0x6 Drivers\MeSN\LSM6DS3\lsm6ds3.o
                0x0800100c                LSM6DS3_readRawAccelX
 *fill*         0x08001012        0x2 
 .text.LSM6DS3_calcAccel
                0x08001014       0x1c Drivers\MeSN\LSM6DS3\lsm6ds3.o
                0x08001014                LSM6DS3_calcAccel
 .text.LSM6DS3_readMgAccelX
                0x08001030       0x20 Drivers\MeSN\LSM6DS3\lsm6ds3.o
                0x08001030                LSM6DS3_readMgAccelX
 .text.LSM6DS3_readRawGyroX
                0x08001050        0x6 Drivers\MeSN\LSM6DS3\lsm6ds3.o
                0x08001050                LSM6DS3_readRawGyroX
 .text.LSM6DS3_readRawGyroY
                0x08001056        0x6 Drivers\MeSN\LSM6DS3\lsm6ds3.o
                0x08001056                LSM6DS3_readRawGyroY
 .text.LSM6DS3_calcGyro
                0x0800105c       0x2c Drivers\MeSN\LSM6DS3\lsm6ds3.o
                0x0800105c                LSM6DS3_calcGyro
 .text.LSM6DS3_readMdpsGyroX
                0x08001088       0x20 Drivers\MeSN\LSM6DS3\lsm6ds3.o
                0x08001088                LSM6DS3_readMdpsGyroX
 .text.LSM6DS3_readMdpsGyroY
                0x080010a8       0x20 Drivers\MeSN\LSM6DS3\lsm6ds3.o
                0x080010a8                LSM6DS3_readMdpsGyroY
 .text.LSM6DS3_begin_accel
                0x080010c8      0x120 Drivers\MeSN\LSM6DS3\lsm6ds3.o
                0x080010c8                LSM6DS3_begin_accel
 .text.LSM6DS3_begin_gyro
                0x080011e8       0x90 Drivers\MeSN\LSM6DS3\lsm6ds3.o
                0x080011e8                LSM6DS3_begin_gyro
 .text.LSM6DS3_begin
                0x08001278       0x3c Drivers\MeSN\LSM6DS3\lsm6ds3.o
                0x08001278                LSM6DS3_begin
 .text.LSM6DS3Core_readRegister
                0x080012b4       0x1a Drivers\MeSN\LSM6DS3\lsm6ds3_port.o
                0x080012b4                LSM6DS3Core_readRegister
 .text.LSM6DS3Core_beginCore
                0x080012ce       0x32 Drivers\MeSN\LSM6DS3\lsm6ds3_port.o
                0x080012ce                LSM6DS3Core_beginCore
 .text.LSM6DS3Core_readRegisterRegion
                0x08001300       0x1a Drivers\MeSN\LSM6DS3\lsm6ds3_port.o
                0x08001300                LSM6DS3Core_readRegisterRegion
 .text.LSM6DS3Core_readRegisterInt16
                0x0800131a       0x1e Drivers\MeSN\LSM6DS3\lsm6ds3_port.o
                0x0800131a                LSM6DS3Core_readRegisterInt16
 .text.LSM6DS3Core_writeRegister
                0x08001338       0x1c Drivers\MeSN\LSM6DS3\lsm6ds3_port.o
                0x08001338                LSM6DS3Core_writeRegister
 .text.MotorDriver_Init
                0x08001354        0xe Drivers\MeSN\MotorDriver\MotorDriver.o
                0x08001354                MotorDriver_Init
 *fill*         0x08001362        0x2 
 .text.MotorDriver_Move
                0x08001364       0x6c Drivers\MeSN\MotorDriver\MotorDriver.o
                0x08001364                MotorDriver_Move
 .text.MotorDriver_Port_GPIO_Init
                0x080013d0       0x28 Drivers\MeSN\MotorDriver\MotorDriver_port.o
                0x080013d0                MotorDriver_Port_GPIO_Init
 .text.MotorDriver_Port_PWM_Init
                0x080013f8       0x18 Drivers\MeSN\MotorDriver\MotorDriver_port.o
                0x080013f8                MotorDriver_Port_PWM_Init
 .text.MotorDriver_Port_SetPin_IN1
                0x08001410       0x18 Drivers\MeSN\MotorDriver\MotorDriver_port.o
                0x08001410                MotorDriver_Port_SetPin_IN1
 .text.MotorDriver_Port_SetPin_IN2
                0x08001428       0x18 Drivers\MeSN\MotorDriver\MotorDriver_port.o
                0x08001428                MotorDriver_Port_SetPin_IN2
 .text.MotorDriver_Port_SetPWM
                0x08001440       0x14 Drivers\MeSN\MotorDriver\MotorDriver_port.o
                0x08001440                MotorDriver_Port_SetPWM
 .text.MESN_PRIV_UART_GetChar
                0x08001454       0x28 Drivers\MeSN\UART\mesn_uart.o
 .text.MESN_UART_Init
                0x0800147c      0x144 Drivers\MeSN\UART\mesn_uart.o
                0x0800147c                MESN_UART_Init
 .text.MESN_UART_PutString_Poll
                0x080015c0       0x38 Drivers\MeSN\UART\mesn_uart.o
                0x080015c0                MESN_UART_PutString_Poll
 .text.MESN_UART_GetString
                0x080015f8       0x24 Drivers\MeSN\UART\mesn_uart.o
                0x080015f8                MESN_UART_GetString
 .text.USART2_IRQHandler
                0x0800161c       0x20 Drivers\MeSN\UART\mesn_uart.o
                0x0800161c                USART2_IRQHandler
 .text.MeSN_I2C_Init
                0x0800163c       0xd8 Drivers\MeSN\i2c\MeSN_i2c.o
                0x0800163c                MeSN_I2C_Init
 .text.MeSN_I2C_Write
                0x08001714       0x64 Drivers\MeSN\i2c\MeSN_i2c.o
                0x08001714                MeSN_I2C_Write
 .text.MeSN_I2C_RegisterRead
                0x08001778       0x70 Drivers\MeSN\i2c\MeSN_i2c.o
                0x08001778                MeSN_I2C_RegisterRead
 .text.HAL_I2C_MspInit
                0x080017e8       0x80 Drivers\MeSN\i2c\MeSN_i2c.o
                0x080017e8                HAL_I2C_MspInit
 .text.I2C1_EV_IRQHandler
                0x08001868        0xc Drivers\MeSN\i2c\MeSN_i2c.o
                0x08001868                I2C1_EV_IRQHandler
 .text.I2C1_ER_IRQHandler
                0x08001874        0xc Drivers\MeSN\i2c\MeSN_i2c.o
                0x08001874                I2C1_ER_IRQHandler
 .text.HAL_I2C_MasterTxCpltCallback
                0x08001880        0xc Drivers\MeSN\i2c\MeSN_i2c.o
                0x08001880                HAL_I2C_MasterTxCpltCallback
 .text.HAL_I2C_MasterRxCpltCallback
                0x0800188c        0xc Drivers\MeSN\i2c\MeSN_i2c.o
                0x0800188c                HAL_I2C_MasterRxCpltCallback
 .text.HAL_I2C_MemRxCpltCallback
                0x08001898        0xc Drivers\MeSN\i2c\MeSN_i2c.o
                0x08001898                HAL_I2C_MemRxCpltCallback
 .text.HAL_I2C_ErrorCallback
                0x080018a4       0x44 Drivers\MeSN\i2c\MeSN_i2c.o
                0x080018a4                HAL_I2C_ErrorCallback
 .text.HAL_Init
                0x080018e8       0x16 Drivers\STM32L1xx_HAL_Driver\Src\stm32l1xx_hal.o
                0x080018e8                HAL_Init
 *fill*         0x080018fe        0x2 
 .text.HAL_IncTick
                0x08001900       0x10 Drivers\STM32L1xx_HAL_Driver\Src\stm32l1xx_hal.o
                0x08001900                HAL_IncTick
 .text.HAL_GetTick
                0x08001910        0xc Drivers\STM32L1xx_HAL_Driver\Src\stm32l1xx_hal.o
                0x08001910                HAL_GetTick
 .text.HAL_Delay
                0x0800191c       0x1a Drivers\STM32L1xx_HAL_Driver\Src\stm32l1xx_hal.o
                0x0800191c                HAL_Delay
 *fill*         0x08001936        0x2 
 .text.HAL_NVIC_SetPriorityGrouping
                0x08001938       0x24 Drivers\STM32L1xx_HAL_Driver\Src\stm32l1xx_hal_cortex.o
                0x08001938                HAL_NVIC_SetPriorityGrouping
 .text.HAL_NVIC_SetPriority
                0x0800195c       0x68 Drivers\STM32L1xx_HAL_Driver\Src\stm32l1xx_hal_cortex.o
                0x0800195c                HAL_NVIC_SetPriority
 .text.HAL_NVIC_EnableIRQ
                0x080019c4       0x18 Drivers\STM32L1xx_HAL_Driver\Src\stm32l1xx_hal_cortex.o
                0x080019c4                HAL_NVIC_EnableIRQ
 .text.HAL_DMA_Abort_IT
                0x080019dc       0x48 Drivers\STM32L1xx_HAL_Driver\Src\stm32l1xx_hal_dma.o
                0x080019dc                HAL_DMA_Abort_IT
 .text.HAL_GPIO_Init
                0x08001a24      0x1a4 Drivers\STM32L1xx_HAL_Driver\Src\stm32l1xx_hal_gpio.o
                0x08001a24                HAL_GPIO_Init
 .text.HAL_GPIO_WritePin
                0x08001bc8        0xa Drivers\STM32L1xx_HAL_Driver\Src\stm32l1xx_hal_gpio.o
                0x08001bc8                HAL_GPIO_WritePin
 .text.I2C_IsAcknowledgeFailed
                0x08001bd2       0x2a Drivers\STM32L1xx_HAL_Driver\Src\stm32l1xx_hal_i2c.o
 .text.I2C_WaitOnMasterAddressFlagUntilTimeout
                0x08001bfc       0x80 Drivers\STM32L1xx_HAL_Driver\Src\stm32l1xx_hal_i2c.o
 .text.I2C_WaitOnFlagUntilTimeout
                0x08001c7c       0x5c Drivers\STM32L1xx_HAL_Driver\Src\stm32l1xx_hal_i2c.o
 .text.I2C_WaitOnTXEFlagUntilTimeout
                0x08001cd8       0x4c Drivers\STM32L1xx_HAL_Driver\Src\stm32l1xx_hal_i2c.o
 .text.I2C_RequestMemoryRead
                0x08001d24       0xf4 Drivers\STM32L1xx_HAL_Driver\Src\stm32l1xx_hal_i2c.o
 .text.HAL_I2C_Init
                0x08001e18      0x11c Drivers\STM32L1xx_HAL_Driver\Src\stm32l1xx_hal_i2c.o
                0x08001e18                HAL_I2C_Init
 .text.HAL_I2C_Master_Transmit_IT
                0x08001f34       0xa8 Drivers\STM32L1xx_HAL_Driver\Src\stm32l1xx_hal_i2c.o
                0x08001f34                HAL_I2C_Master_Transmit_IT
 .text.HAL_I2C_Mem_Read_IT
                0x08001fdc      0x12c Drivers\STM32L1xx_HAL_Driver\Src\stm32l1xx_hal_i2c.o
                0x08001fdc                HAL_I2C_Mem_Read_IT
 .text.HAL_I2C_SlaveTxCpltCallback
                0x08002108        0x2 Drivers\STM32L1xx_HAL_Driver\Src\stm32l1xx_hal_i2c.o
                0x08002108                HAL_I2C_SlaveTxCpltCallback
 .text.HAL_I2C_SlaveRxCpltCallback
                0x0800210a        0x2 Drivers\STM32L1xx_HAL_Driver\Src\stm32l1xx_hal_i2c.o
                0x0800210a                HAL_I2C_SlaveRxCpltCallback
 .text.HAL_I2C_AddrCallback
                0x0800210c        0x2 Drivers\STM32L1xx_HAL_Driver\Src\stm32l1xx_hal_i2c.o
                0x0800210c                HAL_I2C_AddrCallback
 .text.HAL_I2C_ListenCpltCallback
                0x0800210e        0x2 Drivers\STM32L1xx_HAL_Driver\Src\stm32l1xx_hal_i2c.o
                0x0800210e                HAL_I2C_ListenCpltCallback
 .text.HAL_I2C_MemTxCpltCallback
                0x08002110        0x2 Drivers\STM32L1xx_HAL_Driver\Src\stm32l1xx_hal_i2c.o
                0x08002110                HAL_I2C_MemTxCpltCallback
 .text.HAL_I2C_AbortCpltCallback
                0x08002112        0x2 Drivers\STM32L1xx_HAL_Driver\Src\stm32l1xx_hal_i2c.o
                0x08002112                HAL_I2C_AbortCpltCallback
 .text.I2C_ITError
                0x08002114      0x128 Drivers\STM32L1xx_HAL_Driver\Src\stm32l1xx_hal_i2c.o
 .text.HAL_I2C_EV_IRQHandler
                0x0800223c      0x6b4 Drivers\STM32L1xx_HAL_Driver\Src\stm32l1xx_hal_i2c.o
                0x0800223c                HAL_I2C_EV_IRQHandler
 .text.HAL_I2C_ER_IRQHandler
                0x080028f0      0x144 Drivers\STM32L1xx_HAL_Driver\Src\stm32l1xx_hal_i2c.o
                0x080028f0                HAL_I2C_ER_IRQHandler
 .text.I2C_DMAAbort
                0x08002a34       0x4c Drivers\STM32L1xx_HAL_Driver\Src\stm32l1xx_hal_i2c.o
 .text.RCC_SetFlashLatencyFromMSIRange
                0x08002a80       0x80 Drivers\STM32L1xx_HAL_Driver\Src\stm32l1xx_hal_rcc.o
 .text.HAL_RCC_OscConfig
                0x08002b00      0x6a8 Drivers\STM32L1xx_HAL_Driver\Src\stm32l1xx_hal_rcc.o
                0x08002b00                HAL_RCC_OscConfig
 .text.HAL_RCC_GetSysClockFreq
                0x080031a8       0x8c Drivers\STM32L1xx_HAL_Driver\Src\stm32l1xx_hal_rcc.o
                0x080031a8                HAL_RCC_GetSysClockFreq
 .text.HAL_RCC_ClockConfig
                0x08003234      0x1bc Drivers\STM32L1xx_HAL_Driver\Src\stm32l1xx_hal_rcc.o
                0x08003234                HAL_RCC_ClockConfig
 .text.HAL_RCC_GetPCLK1Freq
                0x080033f0       0x30 Drivers\STM32L1xx_HAL_Driver\Src\stm32l1xx_hal_rcc.o
                0x080033f0                HAL_RCC_GetPCLK1Freq
 .text.HAL_RCC_GetClockConfig
                0x08003420       0x3c Drivers\STM32L1xx_HAL_Driver\Src\stm32l1xx_hal_rcc.o
                0x08003420                HAL_RCC_GetClockConfig
 .text.TIM_Base_SetConfig
                0x0800345c       0x84 Drivers\STM32L1xx_HAL_Driver\Src\stm32l1xx_hal_tim.o
 .text.TIM_OC1_SetConfig
                0x080034e0       0x2c Drivers\STM32L1xx_HAL_Driver\Src\stm32l1xx_hal_tim.o
 .text.TIM_OC2_SetConfig
                0x0800350c       0x30 Drivers\STM32L1xx_HAL_Driver\Src\stm32l1xx_hal_tim.o
 .text.TIM_CCxChannelCmd
                0x0800353c       0x18 Drivers\STM32L1xx_HAL_Driver\Src\stm32l1xx_hal_tim.o
 .text.HAL_TIM_Base_Init
                0x08003554       0x34 Drivers\STM32L1xx_HAL_Driver\Src\stm32l1xx_hal_tim.o
                0x08003554                HAL_TIM_Base_Init
 .text.HAL_TIM_Base_Start_IT
                0x08003588       0x16 Drivers\STM32L1xx_HAL_Driver\Src\stm32l1xx_hal_tim.o
                0x08003588                HAL_TIM_Base_Start_IT
 .text.HAL_TIM_PWM_MspInit
                0x0800359e        0x2 Drivers\STM32L1xx_HAL_Driver\Src\stm32l1xx_hal_tim.o
                0x0800359e                HAL_TIM_PWM_MspInit
 .text.HAL_TIM_PWM_Init
                0x080035a0       0x34 Drivers\STM32L1xx_HAL_Driver\Src\stm32l1xx_hal_tim.o
                0x080035a0                HAL_TIM_PWM_Init
 .text.HAL_TIM_IC_Start
                0x080035d4       0x1a Drivers\STM32L1xx_HAL_Driver\Src\stm32l1xx_hal_tim.o
                0x080035d4                HAL_TIM_IC_Start
 .text.HAL_TIM_PWM_Start
                0x080035ee        0x4 Drivers\STM32L1xx_HAL_Driver\Src\stm32l1xx_hal_tim.o
                0x080035ee                HAL_TIM_PWM_Start
 .text.HAL_TIM_PWM_ConfigChannel
                0x080035f2      0x110 Drivers\STM32L1xx_HAL_Driver\Src\stm32l1xx_hal_tim.o
                0x080035f2                HAL_TIM_PWM_ConfigChannel
 .text.HAL_TIM_ConfigClockSource
                0x08003702      0x172 Drivers\STM32L1xx_HAL_Driver\Src\stm32l1xx_hal_tim.o
                0x08003702                HAL_TIM_ConfigClockSource
 .text.HAL_TIM_OC_DelayElapsedCallback
                0x08003874        0x2 Drivers\STM32L1xx_HAL_Driver\Src\stm32l1xx_hal_tim.o
                0x08003874                HAL_TIM_OC_DelayElapsedCallback
 .text.HAL_TIM_IC_CaptureCallback
                0x08003876        0x2 Drivers\STM32L1xx_HAL_Driver\Src\stm32l1xx_hal_tim.o
                0x08003876                HAL_TIM_IC_CaptureCallback
 .text.HAL_TIM_PWM_PulseFinishedCallback
                0x08003878        0x2 Drivers\STM32L1xx_HAL_Driver\Src\stm32l1xx_hal_tim.o
                0x08003878                HAL_TIM_PWM_PulseFinishedCallback
 .text.HAL_TIM_TriggerCallback
                0x0800387a        0x2 Drivers\STM32L1xx_HAL_Driver\Src\stm32l1xx_hal_tim.o
                0x0800387a                HAL_TIM_TriggerCallback
 .text.HAL_TIM_IRQHandler
                0x0800387c      0x10c Drivers\STM32L1xx_HAL_Driver\Src\stm32l1xx_hal_tim.o
                0x0800387c                HAL_TIM_IRQHandler
 .text.osKernelStart
                0x08003988        0xa Middlewares\Third_Party\FreeRTOS\Source\CMSIS_RTOS\cmsis_os.o
                0x08003988                osKernelStart
 .text.osKernelSysTick
                0x08003992        0xe Middlewares\Third_Party\FreeRTOS\Source\CMSIS_RTOS\cmsis_os.o
                0x08003992                osKernelSysTick
 .text.osThreadCreate
                0x080039a0       0x32 Middlewares\Third_Party\FreeRTOS\Source\CMSIS_RTOS\cmsis_os.o
                0x080039a0                osThreadCreate
 .text.osMutexCreate
                0x080039d2        0x6 Middlewares\Third_Party\FreeRTOS\Source\CMSIS_RTOS\cmsis_os.o
                0x080039d2                osMutexCreate
 .text.osMutexWait
                0x080039d8       0x50 Middlewares\Third_Party\FreeRTOS\Source\CMSIS_RTOS\cmsis_os.o
                0x080039d8                osMutexWait
 .text.osSemaphoreCreate
                0x08003a28       0x26 Middlewares\Third_Party\FreeRTOS\Source\CMSIS_RTOS\cmsis_os.o
                0x08003a28                osSemaphoreCreate
 *fill*         0x08003a4e        0x2 
 .text.osSemaphoreWait
                0x08003a50       0x50 Middlewares\Third_Party\FreeRTOS\Source\CMSIS_RTOS\cmsis_os.o
                0x08003a50                osSemaphoreWait
 .text.osSemaphoreRelease
                0x08003aa0       0x48 Middlewares\Third_Party\FreeRTOS\Source\CMSIS_RTOS\cmsis_os.o
                0x08003aa0                osSemaphoreRelease
 .text.osMutexRelease
                0x08003ae8        0x4 Middlewares\Third_Party\FreeRTOS\Source\CMSIS_RTOS\cmsis_os.o
                0x08003ae8                osMutexRelease
 .text.osMessageCreate
                0x08003aec        0x8 Middlewares\Third_Party\FreeRTOS\Source\CMSIS_RTOS\cmsis_os.o
                0x08003aec                osMessageCreate
 .text.osMessagePut
                0x08003af4       0x50 Middlewares\Third_Party\FreeRTOS\Source\CMSIS_RTOS\cmsis_os.o
                0x08003af4                osMessagePut
 .text.osMessageGet
                0x08003b44       0x74 Middlewares\Third_Party\FreeRTOS\Source\CMSIS_RTOS\cmsis_os.o
                0x08003b44                osMessageGet
 .text.osDelayUntil
                0x08003bb8       0x10 Middlewares\Third_Party\FreeRTOS\Source\CMSIS_RTOS\cmsis_os.o
                0x08003bb8                osDelayUntil
 .text.vListInitialise
                0x08003bc8       0x16 Middlewares\Third_Party\FreeRTOS\Source\list.o
                0x08003bc8                vListInitialise
 .text.vListInitialiseItem
                0x08003bde        0x6 Middlewares\Third_Party\FreeRTOS\Source\list.o
                0x08003bde                vListInitialiseItem
 .text.vListInsertEnd
                0x08003be4       0x18 Middlewares\Third_Party\FreeRTOS\Source\list.o
                0x08003be4                vListInsertEnd
 .text.vListInsert
                0x08003bfc       0x2e Middlewares\Third_Party\FreeRTOS\Source\list.o
                0x08003bfc                vListInsert
 .text.uxListRemove
                0x08003c2a       0x20 Middlewares\Third_Party\FreeRTOS\Source\list.o
                0x08003c2a                uxListRemove
 *fill*         0x08003c4a        0x2 
 .text.prvTaskExitError
                0x08003c4c       0x30 Middlewares\Third_Party\FreeRTOS\Source\portable\GCC\ARM_CM3\port.o
 .text.prvPortStartFirstTask
                0x08003c7c       0x20 Middlewares\Third_Party\FreeRTOS\Source\portable\GCC\ARM_CM3\port.o
 .text.pxPortInitialiseStack
                0x08003c9c       0x24 Middlewares\Third_Party\FreeRTOS\Source\portable\GCC\ARM_CM3\port.o
                0x08003c9c                pxPortInitialiseStack
 .text.SVC_Handler
                0x08003cc0       0x24 Middlewares\Third_Party\FreeRTOS\Source\portable\GCC\ARM_CM3\port.o
                0x08003cc0                SVC_Handler
 .text.vPortEnterCritical
                0x08003ce4       0x44 Middlewares\Third_Party\FreeRTOS\Source\portable\GCC\ARM_CM3\port.o
                0x08003ce4                vPortEnterCritical
 .text.vPortExitCritical
                0x08003d28       0x28 Middlewares\Third_Party\FreeRTOS\Source\portable\GCC\ARM_CM3\port.o
                0x08003d28                vPortExitCritical
 .text.PendSV_Handler
                0x08003d50       0x44 Middlewares\Third_Party\FreeRTOS\Source\portable\GCC\ARM_CM3\port.o
                0x08003d50                PendSV_Handler
 .text.SysTick_Handler
                0x08003d94       0x2c Middlewares\Third_Party\FreeRTOS\Source\portable\GCC\ARM_CM3\port.o
                0x08003d94                SysTick_Handler
 .text.vPortSetupTimerInterrupt
                0x08003dc0       0x28 Middlewares\Third_Party\FreeRTOS\Source\portable\GCC\ARM_CM3\port.o
                0x08003dc0                vPortSetupTimerInterrupt
 .text.xPortStartScheduler
                0x08003de8       0x94 Middlewares\Third_Party\FreeRTOS\Source\portable\GCC\ARM_CM3\port.o
                0x08003de8                xPortStartScheduler
 .text.vPortValidateInterruptPriority
                0x08003e7c       0x5c Middlewares\Third_Party\FreeRTOS\Source\portable\GCC\ARM_CM3\port.o
                0x08003e7c                vPortValidateInterruptPriority
 .text.pvPortMalloc
                0x08003ed8       0x58 Middlewares\Third_Party\FreeRTOS\Source\portable\MemMang\heap_1.o
                0x08003ed8                pvPortMalloc
 .text.vPortFree
                0x08003f30       0x16 Middlewares\Third_Party\FreeRTOS\Source\portable\MemMang\heap_1.o
                0x08003f30                vPortFree
 .text.unlikely.prvCopyDataToQueue
                0x08003f46       0x66 Middlewares\Third_Party\FreeRTOS\Source\queue.o
 .text.unlikely.prvCopyDataFromQueue
                0x08003fac       0x28 Middlewares\Third_Party\FreeRTOS\Source\queue.o
 .text.prvUnlockQueue
                0x08003fd4       0x70 Middlewares\Third_Party\FreeRTOS\Source\queue.o
 .text.xQueueGenericReset
                0x08004044       0x80 Middlewares\Third_Party\FreeRTOS\Source\queue.o
                0x08004044                xQueueGenericReset
 .text.xQueueGenericCreate
                0x080040c4       0xe8 Middlewares\Third_Party\FreeRTOS\Source\queue.o
                0x080040c4                xQueueGenericCreate
 .text.xQueueGenericSend
                0x080041ac      0x29c Middlewares\Third_Party\FreeRTOS\Source\queue.o
                0x080041ac                xQueueGenericSend
 .text.xQueueCreateMutex
                0x08004448       0x24 Middlewares\Third_Party\FreeRTOS\Source\queue.o
                0x08004448                xQueueCreateMutex
 .text.xQueueGenericSendFromISR
                0x0800446c      0x17c Middlewares\Third_Party\FreeRTOS\Source\queue.o
                0x0800446c                xQueueGenericSendFromISR
 .text.MyWrapper
                0x080045e8      0x168 Middlewares\Third_Party\FreeRTOS\Source\queue.o
                0x080045e8                MyWrapper
 .text.xQueueGiveFromISR
                0x08004750        0x6 Middlewares\Third_Party\FreeRTOS\Source\queue.o
                0x08004750                xQueueGiveFromISR
 *fill*         0x08004756        0x2 
 .text.xQueueGenericReceive
                0x08004758      0x3ec Middlewares\Third_Party\FreeRTOS\Source\queue.o
                0x08004758                xQueueGenericReceive
 .text.xQueueReceiveFromISR
                0x08004b44      0x14c Middlewares\Third_Party\FreeRTOS\Source\queue.o
                0x08004b44                xQueueReceiveFromISR
 .text.uxQueueGetQueueNumber
                0x08004c90        0x4 Middlewares\Third_Party\FreeRTOS\Source\queue.o
                0x08004c90                uxQueueGetQueueNumber
 .text.vQueueSetQueueNumber
                0x08004c94        0x4 Middlewares\Third_Party\FreeRTOS\Source\queue.o
                0x08004c94                vQueueSetQueueNumber
 .text.ucQueueGetQueueType
                0x08004c98        0x6 Middlewares\Third_Party\FreeRTOS\Source\queue.o
                0x08004c98                ucQueueGetQueueType
 *fill*         0x08004c9e        0x2 
 .text.prvIdleTask
                0x08004ca0       0x24 Middlewares\Third_Party\FreeRTOS\Source\tasks.o
 .text.prvResetNextTaskUnblockTime
                0x08004cc4       0x24 Middlewares\Third_Party\FreeRTOS\Source\tasks.o
 .text.prvAddCurrentTaskToDelayedList
                0x08004ce8       0x8c Middlewares\Third_Party\FreeRTOS\Source\tasks.o
 .text.vTaskSetTimeOutState.part.5
                0x08004d74       0x12 Middlewares\Third_Party\FreeRTOS\Source\tasks.o
 *fill*         0x08004d86        0x2 
 .text.xTaskCreate
                0x08004d88      0x228 Middlewares\Third_Party\FreeRTOS\Source\tasks.o
                0x08004d88                xTaskCreate
 .text.vTaskStartScheduler
                0x08004fb0       0x78 Middlewares\Third_Party\FreeRTOS\Source\tasks.o
                0x08004fb0                vTaskStartScheduler
 .text.vTaskSuspendAll
                0x08005028       0x10 Middlewares\Third_Party\FreeRTOS\Source\tasks.o
                0x08005028                vTaskSuspendAll
 .text.xTaskGetTickCount
                0x08005038        0xc Middlewares\Third_Party\FreeRTOS\Source\tasks.o
                0x08005038                xTaskGetTickCount
 .text.xTaskGetTickCountFromISR
                0x08005044       0x10 Middlewares\Third_Party\FreeRTOS\Source\tasks.o
                0x08005044                xTaskGetTickCountFromISR
 .text.xTaskIncrementTick
                0x08005054      0x164 Middlewares\Third_Party\FreeRTOS\Source\tasks.o
                0x08005054                xTaskIncrementTick
 .text.xTaskResumeAll
                0x080051b8      0x10c Middlewares\Third_Party\FreeRTOS\Source\tasks.o
                0x080051b8                xTaskResumeAll
 .text.vTaskDelayUntil
                0x080052c4       0xe0 Middlewares\Third_Party\FreeRTOS\Source\tasks.o
                0x080052c4                vTaskDelayUntil
 .text.vTaskSwitchContext
                0x080053a4       0xb4 Middlewares\Third_Party\FreeRTOS\Source\tasks.o
                0x080053a4                vTaskSwitchContext
 .text.vTaskPlaceOnEventList
                0x08005458       0x34 Middlewares\Third_Party\FreeRTOS\Source\tasks.o
                0x08005458                vTaskPlaceOnEventList
 .text.xTaskRemoveFromEventList
                0x0800548c       0xa0 Middlewares\Third_Party\FreeRTOS\Source\tasks.o
                0x0800548c                xTaskRemoveFromEventList
 .text.vTaskSetTimeOutState
                0x0800552c       0x20 Middlewares\Third_Party\FreeRTOS\Source\tasks.o
                0x0800552c                vTaskSetTimeOutState
 .text.xTaskCheckForTimeOut
                0x0800554c       0x74 Middlewares\Third_Party\FreeRTOS\Source\tasks.o
                0x0800554c                xTaskCheckForTimeOut
 .text.vTaskMissedYield
                0x080055c0        0xc Middlewares\Third_Party\FreeRTOS\Source\tasks.o
                0x080055c0                vTaskMissedYield
 .text.uxTaskGetTaskNumber
                0x080055cc        0x6 Middlewares\Third_Party\FreeRTOS\Source\tasks.o
                0x080055cc                uxTaskGetTaskNumber
 .text.vTaskSetTaskNumber
                0x080055d2        0x6 Middlewares\Third_Party\FreeRTOS\Source\tasks.o
                0x080055d2                vTaskSetTaskNumber
 .text.xTaskGetCurrentTaskHandle
                0x080055d8        0xc Middlewares\Third_Party\FreeRTOS\Source\tasks.o
                0x080055d8                xTaskGetCurrentTaskHandle
 .text.xTaskGetSchedulerState
                0x080055e4       0x20 Middlewares\Third_Party\FreeRTOS\Source\tasks.o
                0x080055e4                xTaskGetSchedulerState
 .text.vTaskPriorityInherit
                0x08005604      0x108 Middlewares\Third_Party\FreeRTOS\Source\tasks.o
                0x08005604                vTaskPriorityInherit
 .text.xTaskPriorityDisinherit
                0x0800570c      0x10c Middlewares\Third_Party\FreeRTOS\Source\tasks.o
                0x0800570c                xTaskPriorityDisinherit
 .text.pvTaskIncrementMutexHeldCount
                0x08005818       0x18 Middlewares\Third_Party\FreeRTOS\Source\tasks.o
                0x08005818                pvTaskIncrementMutexHeldCount
 .text.prvTraceGetQueueType
                0x08005830        0x4 Middlewares\TraceRecorder\trcKernelPort.o
                0x08005830                prvTraceGetQueueType
 .text.prvTraceGetTaskNumberLow16
                0x08005834        0xa Middlewares\TraceRecorder\trcKernelPort.o
                0x08005834                prvTraceGetTaskNumberLow16
 .text.prvTraceGetTaskNumberHigh16
                0x0800583e        0xa Middlewares\TraceRecorder\trcKernelPort.o
                0x0800583e                prvTraceGetTaskNumberHigh16
 .text.prvTraceSetTaskNumberLow16
                0x08005848       0x1c Middlewares\TraceRecorder\trcKernelPort.o
                0x08005848                prvTraceSetTaskNumberLow16
 .text.prvTraceSetTaskNumberHigh16
                0x08005864       0x1a Middlewares\TraceRecorder\trcKernelPort.o
                0x08005864                prvTraceSetTaskNumberHigh16
 .text.prvTraceGetQueueNumberLow16
                0x0800587e        0xa Middlewares\TraceRecorder\trcKernelPort.o
                0x0800587e                prvTraceGetQueueNumberLow16
 .text.prvTraceGetQueueNumberHigh16
                0x08005888        0xa Middlewares\TraceRecorder\trcKernelPort.o
                0x08005888                prvTraceGetQueueNumberHigh16
 .text.prvTraceSetQueueNumberLow16
                0x08005892       0x1c Middlewares\TraceRecorder\trcKernelPort.o
                0x08005892                prvTraceSetQueueNumberLow16
 .text.prvTraceSetQueueNumberHigh16
                0x080058ae       0x1a Middlewares\TraceRecorder\trcKernelPort.o
                0x080058ae                prvTraceSetQueueNumberHigh16
 .text.prvTraceGetCurrentTaskHandle
                0x080058c8        0x4 Middlewares\TraceRecorder\trcKernelPort.o
                0x080058c8                prvTraceGetCurrentTaskHandle
 .text.pszTraceGetErrorNotEnoughHandles
                0x080058cc       0x18 Middlewares\TraceRecorder\trcKernelPort.o
                0x080058cc                pszTraceGetErrorNotEnoughHandles
 .text.prvStrncpy
                0x080058e4       0x1c Middlewares\TraceRecorder\trcSnapshotRecorder.o
 .text.prvTraceUpdateCounters
                0x08005900       0x84 Middlewares\TraceRecorder\trcSnapshotRecorder.o
 .text.vTraceStop
                0x08005984       0x1c Middlewares\TraceRecorder\trcSnapshotRecorder.o
                0x08005984                vTraceStop
 .text.prvTraceError
                0x080059a0       0x38 Middlewares\TraceRecorder\trcSnapshotRecorder.o
                0x080059a0                prvTraceError
 .text.prvTraceNextFreeEventBufferSlot
                0x080059d8       0x30 Middlewares\TraceRecorder\trcSnapshotRecorder.o
 .text.uiIndexOfObject
                0x08005a08       0x48 Middlewares\TraceRecorder\trcSnapshotRecorder.o
                0x08005a08                uiIndexOfObject
 .text.prvMarkObjectAsUsed
                0x08005a50       0x20 Middlewares\TraceRecorder\trcSnapshotRecorder.o
                0x08005a50                prvMarkObjectAsUsed
 .text.prvTraceSetPriorityProperty
                0x08005a70       0x4c Middlewares\TraceRecorder\trcSnapshotRecorder.o
                0x08005a70                prvTraceSetPriorityProperty
 .text.prvTraceGetPriorityProperty
                0x08005abc       0x4c Middlewares\TraceRecorder\trcSnapshotRecorder.o
                0x08005abc                prvTraceGetPriorityProperty
 .text.prvTraceSetObjectState
                0x08005b08       0x4c Middlewares\TraceRecorder\trcSnapshotRecorder.o
                0x08005b08                prvTraceSetObjectState
 .text.prvTraceSetTaskInstanceFinished
                0x08005b54       0x38 Middlewares\TraceRecorder\trcSnapshotRecorder.o
                0x08005b54                prvTraceSetTaskInstanceFinished
 .text.prvTraceGetObjectHandle
                0x08005b8c       0xac Middlewares\TraceRecorder\trcSnapshotRecorder.o
                0x08005b8c                prvTraceGetObjectHandle
 .text.prvTraceSetObjectName
                0x08005c38       0x70 Middlewares\TraceRecorder\trcSnapshotRecorder.o
                0x08005c38                prvTraceSetObjectName
 .text.prvTracePortGetTimeStamp
                0x08005ca8       0x50 Middlewares\TraceRecorder\trcSnapshotRecorder.o
                0x08005ca8                prvTracePortGetTimeStamp
 .text.prvTraceGetDTS
                0x08005cf8       0xf0 Middlewares\TraceRecorder\trcSnapshotRecorder.o
 .text.prvTraceStoreTaskReady
                0x08005de8       0x78 Middlewares\TraceRecorder\trcSnapshotRecorder.o
                0x08005de8                prvTraceStoreTaskReady
 .text.prvTraceStoreKernelCall
                0x08005e60       0x9c Middlewares\TraceRecorder\trcSnapshotRecorder.o
                0x08005e60                prvTraceStoreKernelCall
 .text.prvTraceStoreKernelCallWithParam
                0x08005efc       0xc0 Middlewares\TraceRecorder\trcSnapshotRecorder.o
                0x08005efc                prvTraceStoreKernelCallWithParam
 .text.prvTraceStoreKernelCallWithNumericParamOnly
                0x08005fbc       0xa0 Middlewares\TraceRecorder\trcSnapshotRecorder.o
                0x08005fbc                prvTraceStoreKernelCallWithNumericParamOnly
 .text.prvTraceStoreTaskswitch
                0x0800605c       0xc8 Middlewares\TraceRecorder\trcSnapshotRecorder.o
                0x0800605c                prvTraceStoreTaskswitch
 .text.StartDefaultTask
                0x08006124       0x94 Src\freertos.o
                0x08006124                StartDefaultTask
 .text.SaveTask
                0x080061b8       0xd0 Src\freertos.o
                0x080061b8                SaveTask
 .text.Synchro_Avec_UART
                0x08006288      0x19c Src\freertos.o
                0x08006288                Synchro_Avec_UART
 .text.vApplicationStackOverflowHook
                0x08006424       0x18 Src\freertos.o
                0x08006424                vApplicationStackOverflowHook
 .text.vApplicationMallocFailedHook
                0x0800643c       0x10 Src\freertos.o
                0x0800643c                vApplicationMallocFailedHook
 .text.MX_FREERTOS_Init
                0x0800644c       0xc4 Src\freertos.o
                0x0800644c                MX_FREERTOS_Init
 .text.MX_GPIO_Init
                0x08006510       0x88 Src\gpio.o
                0x08006510                MX_GPIO_Init
 .text.SystemClock_Config
                0x08006598       0x64 Src\main.o
                0x08006598                SystemClock_Config
 .text.startup.main
                0x080065fc       0x1c Src\main.o
                0x080065fc                main
 .text.HAL_TIM_PeriodElapsedCallback
                0x08006618       0x14 Src\main.o
                0x08006618                HAL_TIM_PeriodElapsedCallback
 .text.Error_Handler
                0x0800662c        0x2 Src\main.o
                0x0800662c                Error_Handler
 *fill*         0x0800662e        0x2 
 .text.HAL_MspInit
                0x08006630       0x50 Src\stm32l1xx_hal_msp.o
                0x08006630                HAL_MspInit
 .text.HAL_InitTick
                0x08006680       0x78 Src\stm32l1xx_hal_timebase_tim.o
                0x08006680                HAL_InitTick
 .text.NMI_Handler
                0x080066f8        0x2 Src\stm32l1xx_it.o
                0x080066f8                NMI_Handler
 .text.HardFault_Handler
                0x080066fa        0x2 Src\stm32l1xx_it.o
                0x080066fa                HardFault_Handler
 .text.MemManage_Handler
                0x080066fc        0x2 Src\stm32l1xx_it.o
                0x080066fc                MemManage_Handler
 .text.BusFault_Handler
                0x080066fe        0x2 Src\stm32l1xx_it.o
                0x080066fe                BusFault_Handler
 .text.UsageFault_Handler
                0x08006700        0x2 Src\stm32l1xx_it.o
                0x08006700                UsageFault_Handler
 .text.DebugMon_Handler
                0x08006702        0x2 Src\stm32l1xx_it.o
                0x08006702                DebugMon_Handler
 .text.TIM6_IRQHandler
                0x08006704        0xc Src\stm32l1xx_it.o
                0x08006704                TIM6_IRQHandler
 .text.SystemInit
                0x08006710       0x48 Src\system_stm32l1xx.o
                0x08006710                SystemInit
 .text.HAL_TIM_Base_MspInit
                0x08006758       0x28 Src\tim.o
                0x08006758                HAL_TIM_Base_MspInit
 .text.HAL_TIM_MspPostInit
                0x08006780       0x34 Src\tim.o
                0x08006780                HAL_TIM_MspPostInit
 .text.MX_TIM10_Init
                0x080067b4       0x78 Src\tim.o
                0x080067b4                MX_TIM10_Init
 .text.Reset_Handler
                0x0800682c       0x48 startup\startup_stm32l152xe.o
                0x0800682c                Reset_Handler
 .text.Default_Handler
                0x08006874        0x2 startup\startup_stm32l152xe.o
                0x08006874                RTC_Alarm_IRQHandler
                0x08006874                EXTI2_IRQHandler
                0x08006874                COMP_ACQ_IRQHandler
                0x08006874                TIM10_IRQHandler
                0x08006874                USB_HP_IRQHandler
                0x08006874                PVD_IRQHandler
                0x08006874                EXTI3_IRQHandler
                0x08006874                EXTI0_IRQHandler
                0x08006874                I2C2_EV_IRQHandler
                0x08006874                SPI1_IRQHandler
                0x08006874                USB_FS_WKUP_IRQHandler
                0x08006874                DMA2_Channel2_IRQHandler
                0x08006874                DMA1_Channel4_IRQHandler
                0x08006874                ADC1_IRQHandler
                0x08006874                USART3_IRQHandler
                0x08006874                DMA1_Channel7_IRQHandler
                0x08006874                LCD_IRQHandler
                0x08006874                UART5_IRQHandler
                0x08006874                TIM4_IRQHandler
                0x08006874                DMA2_Channel1_IRQHandler
                0x08006874                DMA1_Channel6_IRQHandler
                0x08006874                UART4_IRQHandler
                0x08006874                DMA2_Channel4_IRQHandler
                0x08006874                TIM3_IRQHandler
                0x08006874                RCC_IRQHandler
                0x08006874                DMA1_Channel1_IRQHandler
                0x08006874                Default_Handler
                0x08006874                EXTI15_10_IRQHandler
                0x08006874                TIM7_IRQHandler
                0x08006874                TIM5_IRQHandler
                0x08006874                EXTI9_5_IRQHandler
                0x08006874                TIM9_IRQHandler
                0x08006874                TAMPER_STAMP_IRQHandler
                0x08006874                RTC_WKUP_IRQHandler
                0x08006874                SPI2_IRQHandler
                0x08006874                DMA2_Channel5_IRQHandler
                0x08006874                DMA1_Channel5_IRQHandler
                0x08006874                USB_LP_IRQHandler
                0x08006874                EXTI4_IRQHandler
                0x08006874                DMA1_Channel3_IRQHandler
                0x08006874                COMP_IRQHandler
                0x08006874                WWDG_IRQHandler
                0x08006874                TIM2_IRQHandler
                0x08006874                DAC_IRQHandler
                0x08006874                EXTI1_IRQHandler
                0x08006874                TIM11_IRQHandler
                0x08006874                I2C2_ER_IRQHandler
                0x08006874                DMA1_Channel2_IRQHandler
                0x08006874                FLASH_IRQHandler
                0x08006874                USART1_IRQHandler
                0x08006874                SPI3_IRQHandler
                0x08006874                DMA2_Channel3_IRQHandler
 *fill*         0x08006876        0x2 
 .text.autoAlgo_angleObs
                0x08006878       0xa0 ../Lib/Autom\libSBR_autom_obs-corr.a(regulation.o)
                0x08006878                autoAlgo_angleObs
 .text.autoAlgo_commandLaw
                0x08006918       0xa0 ../Lib/Autom\libSBR_autom_obs-corr.a(regulation.o)
                0x08006918                autoAlgo_commandLaw
 .text.__libc_init_array
                0x080069b8       0x48 c:/program files (x86)/atollic/truestudio for stm32 9.3.0/armtools/bin/../lib/gcc/arm-atollic-eabi/6.3.1/../../../../arm-atollic-eabi/lib/armv7-m\libc_nano.a(lib_a-init.o)
                0x080069b8                __libc_init_array
 .text.memcpy   0x08006a00       0x16 c:/program files (x86)/atollic/truestudio for stm32 9.3.0/armtools/bin/../lib/gcc/arm-atollic-eabi/6.3.1/../../../../arm-atollic-eabi/lib/armv7-m\libc_nano.a(lib_a-memcpy-stub.o)
                0x08006a00                memcpy
 .text.memset   0x08006a16       0x10 c:/program files (x86)/atollic/truestudio for stm32 9.3.0/armtools/bin/../lib/gcc/arm-atollic-eabi/6.3.1/../../../../arm-atollic-eabi/lib/armv7-m\libc_nano.a(lib_a-memset.o)
                0x08006a16                memset
 *fill*         0x08006a26        0x2 
 .text.sprintf  0x08006a28       0x48 c:/program files (x86)/atollic/truestudio for stm32 9.3.0/armtools/bin/../lib/gcc/arm-atollic-eabi/6.3.1/../../../../arm-atollic-eabi/lib/armv7-m\libc_nano.a(lib_a-sprintf.o)
                0x08006a28                siprintf
                0x08006a28                sprintf
 .text.__ssputs_r
                0x08006a70       0xb6 c:/program files (x86)/atollic/truestudio for stm32 9.3.0/armtools/bin/../lib/gcc/arm-atollic-eabi/6.3.1/../../../../arm-atollic-eabi/lib/armv7-m\libc_nano.a(lib_a-nano-svfprintf.o)
                0x08006a70                __ssputs_r
 *fill*         0x08006b26        0x2 
 .text._svfprintf_r
                0x08006b28      0x1e8 c:/program files (x86)/atollic/truestudio for stm32 9.3.0/armtools/bin/../lib/gcc/arm-atollic-eabi/6.3.1/../../../../arm-atollic-eabi/lib/armv7-m\libc_nano.a(lib_a-nano-svfprintf.o)
                0x08006b28                _svfiprintf_r
                0x08006b28                _svfprintf_r
 .text._printf_common
                0x08006d10       0xee c:/program files (x86)/atollic/truestudio for stm32 9.3.0/armtools/bin/../lib/gcc/arm-atollic-eabi/6.3.1/../../../../arm-atollic-eabi/lib/armv7-m\libc_nano.a(lib_a-nano-vfprintf_i.o)
                0x08006d10                _printf_common
 *fill*         0x08006dfe        0x2 
 .text._printf_i
                0x08006e00      0x240 c:/program files (x86)/atollic/truestudio for stm32 9.3.0/armtools/bin/../lib/gcc/arm-atollic-eabi/6.3.1/../../../../arm-atollic-eabi/lib/armv7-m\libc_nano.a(lib_a-nano-vfprintf_i.o)
                0x08006e00                _printf_i
 .text.memchr   0x08007040       0x1c c:/program files (x86)/atollic/truestudio for stm32 9.3.0/armtools/bin/../lib/gcc/arm-atollic-eabi/6.3.1/../../../../arm-atollic-eabi/lib/armv7-m\libc_nano.a(lib_a-memchr-stub.o)
                0x08007040                memchr
 .text.memmove  0x0800705c       0x34 c:/program files (x86)/atollic/truestudio for stm32 9.3.0/armtools/bin/../lib/gcc/arm-atollic-eabi/6.3.1/../../../../arm-atollic-eabi/lib/armv7-m\libc_nano.a(lib_a-memmove.o)
                0x0800705c                memmove
 .text._free_r  0x08007090       0x98 c:/program files (x86)/atollic/truestudio for stm32 9.3.0/armtools/bin/../lib/gcc/arm-atollic-eabi/6.3.1/../../../../arm-atollic-eabi/lib/armv7-m\libc_nano.a(lib_a-nano-freer.o)
                0x08007090                _free_r
 .text._malloc_r
                0x08007128       0xbc c:/program files (x86)/atollic/truestudio for stm32 9.3.0/armtools/bin/../lib/gcc/arm-atollic-eabi/6.3.1/../../../../arm-atollic-eabi/lib/armv7-m\libc_nano.a(lib_a-nano-mallocr.o)
                0x08007128                _malloc_r
 .text._realloc_r
                0x080071e4       0x4c c:/program files (x86)/atollic/truestudio for stm32 9.3.0/armtools/bin/../lib/gcc/arm-atollic-eabi/6.3.1/../../../../arm-atollic-eabi/lib/armv7-m\libc_nano.a(lib_a-nano-reallocr.o)
                0x080071e4                _realloc_r
 .text._sbrk_r  0x08007230       0x20 c:/program files (x86)/atollic/truestudio for stm32 9.3.0/armtools/bin/../lib/gcc/arm-atollic-eabi/6.3.1/../../../../arm-atollic-eabi/lib/armv7-m\libc_nano.a(lib_a-sbrkr.o)
                0x08007230                _sbrk_r
 .text.__malloc_lock
                0x08007250        0x2 c:/program files (x86)/atollic/truestudio for stm32 9.3.0/armtools/bin/../lib/gcc/arm-atollic-eabi/6.3.1/../../../../arm-atollic-eabi/lib/armv7-m\libc_nano.a(lib_a-mlock.o)
                0x08007250                __malloc_lock
 .text.__malloc_unlock
                0x08007252        0x2 c:/program files (x86)/atollic/truestudio for stm32 9.3.0/armtools/bin/../lib/gcc/arm-atollic-eabi/6.3.1/../../../../arm-atollic-eabi/lib/armv7-m\libc_nano.a(lib_a-mlock.o)
                0x08007252                __malloc_unlock
 .text._malloc_usable_size_r
                0x08007254       0x12 c:/program files (x86)/atollic/truestudio for stm32 9.3.0/armtools/bin/../lib/gcc/arm-atollic-eabi/6.3.1/../../../../arm-atollic-eabi/lib/armv7-m\libc_nano.a(lib_a-nano-msizer.o)
                0x08007254                _malloc_usable_size_r
 *fill*         0x08007266        0x2 
 .text.asin     0x08007268       0xa8 c:/program files (x86)/atollic/truestudio for stm32 9.3.0/armtools/bin/../lib/gcc/arm-atollic-eabi/6.3.1/../../../../arm-atollic-eabi/lib/armv7-m\libm.a(lib_a-w_asin.o)
                0x08007268                asin
 .text.__ieee754_asin
                0x08007310      0x400 c:/program files (x86)/atollic/truestudio for stm32 9.3.0/armtools/bin/../lib/gcc/arm-atollic-eabi/6.3.1/../../../../arm-atollic-eabi/lib/armv7-m\libm.a(lib_a-e_asin.o)
                0x08007310                __ieee754_asin
 .text.__ieee754_sqrt
                0x08007710      0x158 c:/program files (x86)/atollic/truestudio for stm32 9.3.0/armtools/bin/../lib/gcc/arm-atollic-eabi/6.3.1/../../../../arm-atollic-eabi/lib/armv7-m\libm.a(lib_a-e_sqrt.o)
                0x08007710                __ieee754_sqrt
 .text.fabs     0x08007868        0x6 c:/program files (x86)/atollic/truestudio for stm32 9.3.0/armtools/bin/../lib/gcc/arm-atollic-eabi/6.3.1/../../../../arm-atollic-eabi/lib/armv7-m\libm.a(lib_a-s_fabs.o)
                0x08007868                fabs
 .text.matherr  0x0800786e        0x4 c:/program files (x86)/atollic/truestudio for stm32 9.3.0/armtools/bin/../lib/gcc/arm-atollic-eabi/6.3.1/../../../../arm-atollic-eabi/lib/armv7-m\libm.a(lib_a-s_matherr.o)
                0x0800786e                matherr
 *fill*         0x08007872        0x2 
 .text.nan      0x08007874        0xc c:/program files (x86)/atollic/truestudio for stm32 9.3.0/armtools/bin/../lib/gcc/arm-atollic-eabi/6.3.1/../../../../arm-atollic-eabi/lib/armv7-m\libm.a(lib_a-s_nan.o)
                0x08007874                nan
 .text.__errno  0x08007880        0xc c:/program files (x86)/atollic/truestudio for stm32 9.3.0/armtools/bin/../lib/gcc/arm-atollic-eabi/6.3.1/../../../../arm-atollic-eabi/lib/armv7-m\libc_nano.a(lib_a-errno.o)
                0x08007880                __errno
 .text._sbrk    0x0800788c       0x1c c:/program files (x86)/atollic/truestudio for stm32 9.3.0/armtools/bin/../lib/gcc/arm-atollic-eabi/6.3.1/../../../../arm-atollic-eabi/lib/armv7-m\libnosys.a(sbrk.o)
                0x0800788c                _sbrk
 *(.glue_7)
 .glue_7        0x080078a8        0x0 linker stubs
 *(.glue_7t)
 .glue_7t       0x080078a8        0x0 linker stubs
 *(.eh_frame)
 .eh_frame      0x080078a8        0x0 c:/program files (x86)/atollic/truestudio for stm32 9.3.0/armtools/bin/../lib/gcc/arm-atollic-eabi/6.3.1/armv7-m/crtbegin.o
 *(.init)
 .init          0x080078a8        0x4 c:/program files (x86)/atollic/truestudio for stm32 9.3.0/armtools/bin/../lib/gcc/arm-atollic-eabi/6.3.1/armv7-m/crti.o
                0x080078a8                _init
 .init          0x080078ac        0x8 c:/program files (x86)/atollic/truestudio for stm32 9.3.0/armtools/bin/../lib/gcc/arm-atollic-eabi/6.3.1/armv7-m/crtn.o
 *(.fini)
 .fini          0x080078b4        0x4 c:/program files (x86)/atollic/truestudio for stm32 9.3.0/armtools/bin/../lib/gcc/arm-atollic-eabi/6.3.1/armv7-m/crti.o
                0x080078b4                _fini
 .fini          0x080078b8        0x8 c:/program files (x86)/atollic/truestudio for stm32 9.3.0/armtools/bin/../lib/gcc/arm-atollic-eabi/6.3.1/armv7-m/crtn.o
                0x080078c0                . = ALIGN (0x4)
                0x080078c0                _etext = .

.vfp11_veneer   0x080078c0        0x0
 .vfp11_veneer  0x080078c0        0x0 linker stubs

.v4_bx          0x080078c0        0x0
 .v4_bx         0x080078c0        0x0 linker stubs

.iplt           0x080078c0        0x0
 .iplt          0x080078c0        0x0 c:/program files (x86)/atollic/truestudio for stm32 9.3.0/armtools/bin/../lib/gcc/arm-atollic-eabi/6.3.1/armv7-m/crtbegin.o

.rodata         0x080078c0      0xccc
                0x080078c0                . = ALIGN (0x4)
 *(.rodata)
 .rodata        0x080078c0       0x3c Src\freertos.o
 *(.rodata*)
 .rodata.os_messageQ_def_uartRxQ
                0x080078fc        0x8 Drivers\MeSN\UART\mesn_uart.o
 .rodata.os_mutex_def_uartTxSem
                0x08007904        0x4 Drivers\MeSN\UART\mesn_uart.o
 .rodata.vTaskStartScheduler.str1.1
                0x08007908        0x5 Middlewares\Third_Party\FreeRTOS\Source\tasks.o
 *fill*         0x0800790d        0x3 
 .rodata.CSWTCH.18
                0x08007910       0x24 Middlewares\TraceRecorder\trcKernelPort.o
 .rodata.pszTraceGetErrorNotEnoughHandles.str1.1
                0x08007934       0x2e Middlewares\TraceRecorder\trcKernelPort.o
 .rodata.str1.1
                0x08007962      0x2c4 Middlewares\TraceRecorder\trcKernelPort.o
 .rodata.prvTraceGetDTS.str1.1
                0x08007c26       0x60 Middlewares\TraceRecorder\trcSnapshotRecorder.o
 .rodata.prvTraceGetObjectHandle.str1.1
                0x08007c86       0x88 Middlewares\TraceRecorder\trcSnapshotRecorder.o
 .rodata.prvTraceGetPriorityProperty.str1.1
                0x08007d0e       0x89 Middlewares\TraceRecorder\trcSnapshotRecorder.o
 .rodata.prvTraceNextFreeEventBufferSlot.str1.1
                0x08007d97       0x27 Middlewares\TraceRecorder\trcSnapshotRecorder.o
 .rodata.prvTraceSetObjectName.str1.1
                0x08007dbe       0x8d Middlewares\TraceRecorder\trcSnapshotRecorder.o
 .rodata.prvTraceSetObjectState.str1.1
                0x08007e4b       0x7f Middlewares\TraceRecorder\trcSnapshotRecorder.o
 .rodata.prvTraceSetPriorityProperty.str1.1
                0x08007eca       0x89 Middlewares\TraceRecorder\trcSnapshotRecorder.o
 .rodata.prvTraceSetTaskInstanceFinished.str1.1
                0x08007f53       0x48 Middlewares\TraceRecorder\trcSnapshotRecorder.o
 .rodata.prvTraceStoreKernelCall.str1.1
                0x08007f9b       0xf5 Middlewares\TraceRecorder\trcSnapshotRecorder.o
 .rodata.prvTraceStoreKernelCallWithNumericParamOnly.str1.1
                0x08008090       0x8a Middlewares\TraceRecorder\trcSnapshotRecorder.o
 .rodata.prvTraceStoreKernelCallWithParam.str1.1
                0x0800811a      0x112 Middlewares\TraceRecorder\trcSnapshotRecorder.o
 .rodata.prvTraceStoreTaskReady.str1.1
                0x0800822c       0x74 Middlewares\TraceRecorder\trcSnapshotRecorder.o
 .rodata.prvTraceStoreTaskswitch.str1.1
                0x080082a0       0x80 Middlewares\TraceRecorder\trcSnapshotRecorder.o
 .rodata.uiIndexOfObject.str1.1
                0x08008320       0x7b Middlewares\TraceRecorder\trcSnapshotRecorder.o
 .rodata.StartDefaultTask.str1.1
                0x0800839b        0xe Src\freertos.o
 .rodata.Synchro_Avec_UART.str1.1
                0x080083a9      0x12b Src\freertos.o
 .rodata.str1.1
                0x080084d4       0x27 Src\freertos.o
 .rodata.vApplicationMallocFailedHook.str1.1
                0x080084fb       0x15 Src\freertos.o
 .rodata.vApplicationStackOverflowHook.str1.1
                0x08008510       0x23 Src\freertos.o
 .rodata.AHBPrescTable
                0x08008533       0x10 Src\system_stm32l1xx.o
                0x08008533                AHBPrescTable
 .rodata.APBPrescTable
                0x08008543        0x8 Src\system_stm32l1xx.o
                0x08008543                APBPrescTable
 .rodata.PLLMulTable
                0x0800854b        0x9 Src\system_stm32l1xx.o
                0x0800854b                PLLMulTable
 .rodata._svfprintf_r.str1.1
                0x08008554       0x11 c:/program files (x86)/atollic/truestudio for stm32 9.3.0/armtools/bin/../lib/gcc/arm-atollic-eabi/6.3.1/../../../../arm-atollic-eabi/lib/armv7-m\libc_nano.a(lib_a-nano-svfprintf.o)
 .rodata._printf_i.str1.1
                0x08008565       0x22 c:/program files (x86)/atollic/truestudio for stm32 9.3.0/armtools/bin/../lib/gcc/arm-atollic-eabi/6.3.1/../../../../arm-atollic-eabi/lib/armv7-m\libc_nano.a(lib_a-nano-vfprintf_i.o)
 .rodata.asin.str1.1
                0x08008587        0x5 c:/program files (x86)/atollic/truestudio for stm32 9.3.0/armtools/bin/../lib/gcc/arm-atollic-eabi/6.3.1/../../../../arm-atollic-eabi/lib/armv7-m\libm.a(lib_a-w_asin.o)
                                  0x6 (size before relaxing)
                0x0800858c                . = ALIGN (0x4)

.rel.dyn        0x0800858c        0x0
 .rel.iplt      0x0800858c        0x0 c:/program files (x86)/atollic/truestudio for stm32 9.3.0/armtools/bin/../lib/gcc/arm-atollic-eabi/6.3.1/armv7-m/crtbegin.o

.ARM.extab
 *(.ARM.extab* .gnu.linkonce.armextab.*)

.ARM            0x0800858c        0x0
                0x0800858c                __exidx_start = .
 *(.ARM.exidx*)
                0x0800858c                __exidx_end = .

.preinit_array  0x0800858c        0x0
                0x0800858c                PROVIDE (__preinit_array_start, .)
 *(.preinit_array*)
                0x0800858c                PROVIDE (__preinit_array_end, .)

.init_array     0x0800858c        0x4
                0x0800858c                PROVIDE (__init_array_start, .)
 *(SORT(.init_array.*))
 *(.init_array*)
 .init_array    0x0800858c        0x4 c:/program files (x86)/atollic/truestudio for stm32 9.3.0/armtools/bin/../lib/gcc/arm-atollic-eabi/6.3.1/armv7-m/crtbegin.o
                0x08008590                PROVIDE (__init_array_end, .)

.fini_array     0x08008590        0x4
                [!provide]                PROVIDE (__fini_array_start, .)
 *(SORT(.fini_array.*))
 *(.fini_array*)
 .fini_array    0x08008590        0x4 c:/program files (x86)/atollic/truestudio for stm32 9.3.0/armtools/bin/../lib/gcc/arm-atollic-eabi/6.3.1/armv7-m/crtbegin.o
                [!provide]                PROVIDE (__fini_array_end, .)
                0x08008594                _sidata = LOADADDR (.data)

.data           0x20000000       0xa4 load address 0x08008594
                0x20000000                . = ALIGN (0x4)
                0x20000000                _sdata = .
 *(.data)
 *(.data*)
 .data.LSM6DS3_settings
                0x20000000       0x20 Drivers\MeSN\LSM6DS3\lsm6ds3.o
                0x20000000                LSM6DS3_settings
 .data.i2cCtrlStatus
                0x20000020        0x1 Drivers\MeSN\i2c\MeSN_i2c.o
 *fill*         0x20000021        0x3 
 .data.uxCriticalNesting
                0x20000024        0x4 Middlewares\Third_Party\FreeRTOS\Source\portable\GCC\ARM_CM3\port.o
 .data.TraceQueueClassTable
                0x20000028        0x5 Middlewares\TraceRecorder\trcKernelPort.o
                0x20000028                TraceQueueClassTable
 *fill*         0x2000002d        0x1 
 .data.CurrentFilterGroup
                0x2000002e        0x2 Middlewares\TraceRecorder\trcSnapshotRecorder.o
                0x2000002e                CurrentFilterGroup
 .data.CurrentFilterMask
                0x20000030        0x2 Middlewares\TraceRecorder\trcSnapshotRecorder.o
                0x20000030                CurrentFilterMask
 *fill*         0x20000032        0x2 
 .data.readyEventsEnabled
                0x20000034        0x4 Middlewares\TraceRecorder\trcSnapshotRecorder.o
 .data.SystemCoreClock
                0x20000038        0x4 Src\system_stm32l1xx.o
                0x20000038                SystemCoreClock
 .data._impure_ptr
                0x2000003c        0x4 c:/program files (x86)/atollic/truestudio for stm32 9.3.0/armtools/bin/../lib/gcc/arm-atollic-eabi/6.3.1/../../../../arm-atollic-eabi/lib/armv7-m\libc_nano.a(lib_a-impure.o)
                0x2000003c                _impure_ptr
 .data.impure_data
                0x20000040       0x60 c:/program files (x86)/atollic/truestudio for stm32 9.3.0/armtools/bin/../lib/gcc/arm-atollic-eabi/6.3.1/../../../../arm-atollic-eabi/lib/armv7-m\libc_nano.a(lib_a-impure.o)
 .data.__fdlib_version
                0x200000a0        0x1 c:/program files (x86)/atollic/truestudio for stm32 9.3.0/armtools/bin/../lib/gcc/arm-atollic-eabi/6.3.1/../../../../arm-atollic-eabi/lib/armv7-m\libm.a(lib_a-s_lib_ver.o)
                0x200000a0                __fdlib_version
                0x200000a4                . = ALIGN (0x4)
 *fill*         0x200000a1        0x3 
                0x200000a4                _edata = .

.igot.plt       0x200000a4        0x0 load address 0x08008638
 .igot.plt      0x200000a4        0x0 c:/program files (x86)/atollic/truestudio for stm32 9.3.0/armtools/bin/../lib/gcc/arm-atollic-eabi/6.3.1/armv7-m/crtbegin.o
                0x200000a4                . = ALIGN (0x4)

.bss            0x200000a4     0x3dc8 load address 0x08008638
                0x200000a4                _sbss = .
                0x200000a4                __bss_start__ = _sbss
 *(.bss)
 .bss           0x200000a4       0x1c c:/program files (x86)/atollic/truestudio for stm32 9.3.0/armtools/bin/../lib/gcc/arm-atollic-eabi/6.3.1/armv7-m/crtbegin.o
 *(.bss*)
 .bss.uartRxQ_ID
                0x200000c0        0x4 Drivers\MeSN\UART\mesn_uart.o
 .bss.uartTxSem
                0x200000c4        0x4 Drivers\MeSN\UART\mesn_uart.o
 .bss.i2cCtrl_handle
                0x200000c8       0x54 Drivers\MeSN\i2c\MeSN_i2c.o
 .bss.i2cMemReadCpltSem_ID
                0x2000011c        0x4 Drivers\MeSN\i2c\MeSN_i2c.o
 .bss.i2cMutex_ID
                0x20000120        0x4 Drivers\MeSN\i2c\MeSN_i2c.o
 .bss.i2cRxCpltSem_ID
                0x20000124        0x4 Drivers\MeSN\i2c\MeSN_i2c.o
 .bss.i2cTxCpltSem_ID
                0x20000128        0x4 Drivers\MeSN\i2c\MeSN_i2c.o
 .bss.ucMaxSysCallPriority
                0x2000012c        0x1 Middlewares\Third_Party\FreeRTOS\Source\portable\GCC\ARM_CM3\port.o
 *fill*         0x2000012d        0x3 
 .bss.ulMaxPRIGROUPValue
                0x20000130        0x4 Middlewares\Third_Party\FreeRTOS\Source\portable\GCC\ARM_CM3\port.o
 .bss.pucAlignedHeap.8058
                0x20000134        0x4 Middlewares\Third_Party\FreeRTOS\Source\portable\MemMang\heap_1.o
 .bss.ucHeap    0x20000138     0x2000 Middlewares\Third_Party\FreeRTOS\Source\portable\MemMang\heap_1.o
 .bss.xNextFreeByte
                0x20002138        0x4 Middlewares\Third_Party\FreeRTOS\Source\portable\MemMang\heap_1.o
 .bss.pxCurrentTCB
                0x2000213c        0x4 Middlewares\Third_Party\FreeRTOS\Source\tasks.o
                0x2000213c                pxCurrentTCB
 .bss.pxDelayedTaskList
                0x20002140        0x4 Middlewares\Third_Party\FreeRTOS\Source\tasks.o
 .bss.pxOverflowDelayedTaskList
                0x20002144        0x4 Middlewares\Third_Party\FreeRTOS\Source\tasks.o
 .bss.pxReadyTasksLists
                0x20002148       0x8c Middlewares\Third_Party\FreeRTOS\Source\tasks.o
 .bss.uxCurrentNumberOfTasks
                0x200021d4        0x4 Middlewares\Third_Party\FreeRTOS\Source\tasks.o
 .bss.uxPendedTicks
                0x200021d8        0x4 Middlewares\Third_Party\FreeRTOS\Source\tasks.o
 .bss.uxSchedulerSuspended
                0x200021dc        0x4 Middlewares\Third_Party\FreeRTOS\Source\tasks.o
 .bss.uxTaskNumber
                0x200021e0        0x4 Middlewares\Third_Party\FreeRTOS\Source\tasks.o
 .bss.uxTopReadyPriority
                0x200021e4        0x4 Middlewares\Third_Party\FreeRTOS\Source\tasks.o
 .bss.xDelayedTaskList1
                0x200021e8       0x14 Middlewares\Third_Party\FreeRTOS\Source\tasks.o
 .bss.xDelayedTaskList2
                0x200021fc       0x14 Middlewares\Third_Party\FreeRTOS\Source\tasks.o
 .bss.xIdleTaskHandle
                0x20002210        0x4 Middlewares\Third_Party\FreeRTOS\Source\tasks.o
 .bss.xNextTaskUnblockTime
                0x20002214        0x4 Middlewares\Third_Party\FreeRTOS\Source\tasks.o
 .bss.xNumOfOverflows
                0x20002218        0x4 Middlewares\Third_Party\FreeRTOS\Source\tasks.o
 .bss.xPendingReadyList
                0x2000221c       0x14 Middlewares\Third_Party\FreeRTOS\Source\tasks.o
 .bss.xSchedulerRunning
                0x20002230        0x4 Middlewares\Third_Party\FreeRTOS\Source\tasks.o
 .bss.xSuspendedTaskList
                0x20002234       0x14 Middlewares\Third_Party\FreeRTOS\Source\tasks.o
 .bss.xTickCount
                0x20002248        0x4 Middlewares\Third_Party\FreeRTOS\Source\tasks.o
 .bss.xYieldPending
                0x2000224c        0x4 Middlewares\Third_Party\FreeRTOS\Source\tasks.o
 .bss.RecorderDataPtr
                0x20002250        0x4 Middlewares\TraceRecorder\trcSnapshotRecorder.o
                0x20002250                RecorderDataPtr
 .bss.handle_of_last_logged_task
                0x20002254        0x1 Middlewares\TraceRecorder\trcSnapshotRecorder.o
                0x20002254                handle_of_last_logged_task
 *fill*         0x20002255        0x3 
 .bss.isPendingContextSwitch
                0x20002258        0x4 Middlewares\TraceRecorder\trcSnapshotRecorder.o
                0x20002258                isPendingContextSwitch
 .bss.last_hwtc_count.7943
                0x2000225c        0x4 Middlewares\TraceRecorder\trcSnapshotRecorder.o
 .bss.last_hwtc_rest.7945
                0x20002260        0x4 Middlewares\TraceRecorder\trcSnapshotRecorder.o
 .bss.last_timestamp
                0x20002264        0x4 Middlewares\TraceRecorder\trcSnapshotRecorder.o
 .bss.objectHandleStacks
                0x20002268       0x8e Middlewares\TraceRecorder\trcSnapshotRecorder.o
                0x20002268                objectHandleStacks
 *fill*         0x200022f6        0x2 
 .bss.old_timestamp.7905
                0x200022f8        0x4 Middlewares\TraceRecorder\trcSnapshotRecorder.o
 .bss.recorder_busy
                0x200022fc        0x4 Middlewares\TraceRecorder\trcSnapshotRecorder.o
                0x200022fc                recorder_busy
 .bss.timestampFrequency
                0x20002300        0x4 Middlewares\TraceRecorder\trcSnapshotRecorder.o
                0x20002300                timestampFrequency
 .bss.traceErrorMessage
                0x20002304        0x4 Middlewares\TraceRecorder\trcSnapshotRecorder.o
                0x20002304                traceErrorMessage
 .bss.trace_disable_timestamp
                0x20002308        0x4 Middlewares\TraceRecorder\trcSnapshotRecorder.o
                0x20002308                trace_disable_timestamp
 .bss.uiTraceTickCount
                0x2000230c        0x4 Middlewares\TraceRecorder\trcSnapshotRecorder.o
                0x2000230c                uiTraceTickCount
 .bss.vTraceStopHookPtr
                0x20002310        0x4 Middlewares\TraceRecorder\trcSnapshotRecorder.o
                0x20002310                vTraceStopHookPtr
 .bss.__malloc_free_list
                0x20002314        0x4 c:/program files (x86)/atollic/truestudio for stm32 9.3.0/armtools/bin/../lib/gcc/arm-atollic-eabi/6.3.1/../../../../arm-atollic-eabi/lib/armv7-m\libc_nano.a(lib_a-nano-mallocr.o)
                0x20002314                __malloc_free_list
 .bss.__malloc_sbrk_start
                0x20002318        0x4 c:/program files (x86)/atollic/truestudio for stm32 9.3.0/armtools/bin/../lib/gcc/arm-atollic-eabi/6.3.1/../../../../arm-atollic-eabi/lib/armv7-m\libc_nano.a(lib_a-nano-mallocr.o)
                0x20002318                __malloc_sbrk_start
 .bss.heap_end.4116
                0x2000231c        0x4 c:/program files (x86)/atollic/truestudio for stm32 9.3.0/armtools/bin/../lib/gcc/arm-atollic-eabi/6.3.1/../../../../arm-atollic-eabi/lib/armv7-m\libnosys.a(sbrk.o)
 *(COMMON)
 COMMON         0x20002320        0x4 Drivers\STM32L1xx_HAL_Driver\Src\stm32l1xx_hal.o
                0x20002320                uwTick
 COMMON         0x20002324     0x191c Middlewares\TraceRecorder\trcSnapshotRecorder.o
                0x20002324                RecorderData
                0x20003c3c                init_hwtc_count
 COMMON         0x20003c40      0x1b8 Src\freertos.o
                0x20003c40                defaultTaskHandle2
                0x20003c44                queue12
                0x20003c48                defaultTaskHandle3
                0x20003c4c                MutexGPIO
                0x20003c50                queue23
                0x20003c54                defaultTaskHandle1
                0x20003c58                Tab
                0x20003df4                MutexTab
 COMMON         0x20003df8       0x38 Src\stm32l1xx_hal_timebase_tim.o
                0x20003df8                htim6
 COMMON         0x20003e30       0x38 Src\tim.o
                0x20003e30                htim10
 COMMON         0x20003e68        0x4 c:/program files (x86)/atollic/truestudio for stm32 9.3.0/armtools/bin/../lib/gcc/arm-atollic-eabi/6.3.1/../../../../arm-atollic-eabi/lib/armv7-m\libc_nano.a(lib_a-reent.o)
                0x20003e68                errno
                0x20003e6c                . = ALIGN (0x4)
                0x20003e6c                _ebss = .
                0x20003e6c                __bss_end__ = _ebss

._user_heap_stack
                0x20003e6c      0x600 load address 0x08008638
                0x20003e6c                . = ALIGN (0x4)
                0x20003e6c                PROVIDE (end, .)
                [!provide]                PROVIDE (_end, .)
                0x2000406c                . = (. + _Min_Heap_Size)
 *fill*         0x20003e6c      0x200 
                0x2000446c                . = (. + _Min_Stack_Size)
 *fill*         0x2000406c      0x400 
                0x2000446c                . = ALIGN (0x4)

/DISCARD/
 libc.a(*)
 libm.a(*)
 libgcc.a(*)

.ARM.attributes
                0x00000000       0x29
 *(.ARM.attributes)
 .ARM.attributes
                0x00000000       0x1d c:/program files (x86)/atollic/truestudio for stm32 9.3.0/armtools/bin/../lib/gcc/arm-atollic-eabi/6.3.1/armv7-m/crti.o
 .ARM.attributes
                0x0000001d       0x2d c:/program files (x86)/atollic/truestudio for stm32 9.3.0/armtools/bin/../lib/gcc/arm-atollic-eabi/6.3.1/armv7-m/crtbegin.o
 .ARM.attributes
                0x0000004a       0x33 Drivers\MeSN\LSM6DS3\lsm6ds3.o
 .ARM.attributes
                0x0000007d       0x33 Drivers\MeSN\LSM6DS3\lsm6ds3_port.o
 .ARM.attributes
                0x000000b0       0x33 Drivers\MeSN\MotorDriver\MotorDriver.o
 .ARM.attributes
                0x000000e3       0x33 Drivers\MeSN\MotorDriver\MotorDriver_port.o
 .ARM.attributes
                0x00000116       0x33 Drivers\MeSN\UART\mesn_uart.o
 .ARM.attributes
                0x00000149       0x33 Drivers\MeSN\i2c\MeSN_i2c.o
 .ARM.attributes
                0x0000017c       0x33 Drivers\STM32L1xx_HAL_Driver\Src\stm32l1xx_hal.o
 .ARM.attributes
                0x000001af       0x33 Drivers\STM32L1xx_HAL_Driver\Src\stm32l1xx_hal_cortex.o
 .ARM.attributes
                0x000001e2       0x33 Drivers\STM32L1xx_HAL_Driver\Src\stm32l1xx_hal_dma.o
 .ARM.attributes
                0x00000215       0x33 Drivers\STM32L1xx_HAL_Driver\Src\stm32l1xx_hal_gpio.o
 .ARM.attributes
                0x00000248       0x33 Drivers\STM32L1xx_HAL_Driver\Src\stm32l1xx_hal_i2c.o
 .ARM.attributes
                0x0000027b       0x33 Drivers\STM32L1xx_HAL_Driver\Src\stm32l1xx_hal_rcc.o
 .ARM.attributes
                0x000002ae       0x33 Drivers\STM32L1xx_HAL_Driver\Src\stm32l1xx_hal_tim.o
 .ARM.attributes
                0x000002e1       0x33 Middlewares\Third_Party\FreeRTOS\Source\CMSIS_RTOS\cmsis_os.o
 .ARM.attributes
                0x00000314       0x33 Middlewares\Third_Party\FreeRTOS\Source\list.o
 .ARM.attributes
                0x00000347       0x33 Middlewares\Third_Party\FreeRTOS\Source\portable\GCC\ARM_CM3\port.o
 .ARM.attributes
                0x0000037a       0x33 Middlewares\Third_Party\FreeRTOS\Source\portable\MemMang\heap_1.o
 .ARM.attributes
                0x000003ad       0x33 Middlewares\Third_Party\FreeRTOS\Source\queue.o
 .ARM.attributes
                0x000003e0       0x33 Middlewares\Third_Party\FreeRTOS\Source\tasks.o
 .ARM.attributes
                0x00000413       0x33 Middlewares\TraceRecorder\trcKernelPort.o
 .ARM.attributes
                0x00000446       0x33 Middlewares\TraceRecorder\trcSnapshotRecorder.o
 .ARM.attributes
                0x00000479       0x33 Src\freertos.o
 .ARM.attributes
                0x000004ac       0x33 Src\gpio.o
 .ARM.attributes
                0x000004df       0x33 Src\main.o
 .ARM.attributes
                0x00000512       0x33 Src\stm32l1xx_hal_msp.o
 .ARM.attributes
                0x00000545       0x33 Src\stm32l1xx_hal_timebase_tim.o
 .ARM.attributes
                0x00000578       0x33 Src\stm32l1xx_it.o
 .ARM.attributes
                0x000005ab       0x33 Src\system_stm32l1xx.o
 .ARM.attributes
                0x000005de       0x33 Src\tim.o
 .ARM.attributes
                0x00000611       0x21 startup\startup_stm32l152xe.o
 .ARM.attributes
                0x00000632       0x33 ../Lib/Autom\libSBR_autom_obs-corr.a(regulation.o)
 .ARM.attributes
                0x00000665       0x2d c:/program files (x86)/atollic/truestudio for stm32 9.3.0/armtools/bin/../lib/gcc/arm-atollic-eabi/6.3.1/../../../../arm-atollic-eabi/lib/armv7-m\libc_nano.a(lib_a-init.o)
 .ARM.attributes
                0x00000692       0x2d c:/program files (x86)/atollic/truestudio for stm32 9.3.0/armtools/bin/../lib/gcc/arm-atollic-eabi/6.3.1/../../../../arm-atollic-eabi/lib/armv7-m\libc_nano.a(lib_a-memcpy-stub.o)
 .ARM.attributes
                0x000006bf       0x2d c:/program files (x86)/atollic/truestudio for stm32 9.3.0/armtools/bin/../lib/gcc/arm-atollic-eabi/6.3.1/../../../../arm-atollic-eabi/lib/armv7-m\libc_nano.a(lib_a-memset.o)
 .ARM.attributes
                0x000006ec       0x2d c:/program files (x86)/atollic/truestudio for stm32 9.3.0/armtools/bin/../lib/gcc/arm-atollic-eabi/6.3.1/../../../../arm-atollic-eabi/lib/armv7-m\libc_nano.a(lib_a-sprintf.o)
 .ARM.attributes
                0x00000719       0x1b c:/program files (x86)/atollic/truestudio for stm32 9.3.0/armtools/bin/../lib/gcc/arm-atollic-eabi/6.3.1/../../../../arm-atollic-eabi/lib/armv7-m\libc_nano.a(lib_a-strcmp.o)
 .ARM.attributes
                0x00000734       0x2d c:/program files (x86)/atollic/truestudio for stm32 9.3.0/armtools/bin/../lib/gcc/arm-atollic-eabi/6.3.1/../../../../arm-atollic-eabi/lib/armv7-m\libc_nano.a(lib_a-impure.o)
 .ARM.attributes
                0x00000761       0x2d c:/program files (x86)/atollic/truestudio for stm32 9.3.0/armtools/bin/../lib/gcc/arm-atollic-eabi/6.3.1/../../../../arm-atollic-eabi/lib/armv7-m\libc_nano.a(lib_a-nano-svfprintf.o)
 .ARM.attributes
                0x0000078e       0x2d c:/program files (x86)/atollic/truestudio for stm32 9.3.0/armtools/bin/../lib/gcc/arm-atollic-eabi/6.3.1/../../../../arm-atollic-eabi/lib/armv7-m\libc_nano.a(lib_a-nano-vfprintf_i.o)
 .ARM.attributes
                0x000007bb       0x2d c:/program files (x86)/atollic/truestudio for stm32 9.3.0/armtools/bin/../lib/gcc/arm-atollic-eabi/6.3.1/../../../../arm-atollic-eabi/lib/armv7-m\libc_nano.a(lib_a-memchr-stub.o)
 .ARM.attributes
                0x000007e8       0x2d c:/program files (x86)/atollic/truestudio for stm32 9.3.0/armtools/bin/../lib/gcc/arm-atollic-eabi/6.3.1/../../../../arm-atollic-eabi/lib/armv7-m\libc_nano.a(lib_a-memmove.o)
 .ARM.attributes
                0x00000815       0x2d c:/program files (x86)/atollic/truestudio for stm32 9.3.0/armtools/bin/../lib/gcc/arm-atollic-eabi/6.3.1/../../../../arm-atollic-eabi/lib/armv7-m\libc_nano.a(lib_a-nano-freer.o)
 .ARM.attributes
                0x00000842       0x2d c:/program files (x86)/atollic/truestudio for stm32 9.3.0/armtools/bin/../lib/gcc/arm-atollic-eabi/6.3.1/../../../../arm-atollic-eabi/lib/armv7-m\libc_nano.a(lib_a-nano-mallocr.o)
 .ARM.attributes
                0x0000086f       0x2d c:/program files (x86)/atollic/truestudio for stm32 9.3.0/armtools/bin/../lib/gcc/arm-atollic-eabi/6.3.1/../../../../arm-atollic-eabi/lib/armv7-m\libc_nano.a(lib_a-nano-reallocr.o)
 .ARM.attributes
                0x0000089c       0x2d c:/program files (x86)/atollic/truestudio for stm32 9.3.0/armtools/bin/../lib/gcc/arm-atollic-eabi/6.3.1/../../../../arm-atollic-eabi/lib/armv7-m\libc_nano.a(lib_a-sbrkr.o)
 .ARM.attributes
                0x000008c9       0x2d c:/program files (x86)/atollic/truestudio for stm32 9.3.0/armtools/bin/../lib/gcc/arm-atollic-eabi/6.3.1/../../../../arm-atollic-eabi/lib/armv7-m\libc_nano.a(lib_a-mlock.o)
 .ARM.attributes
                0x000008f6       0x2d c:/program files (x86)/atollic/truestudio for stm32 9.3.0/armtools/bin/../lib/gcc/arm-atollic-eabi/6.3.1/../../../../arm-atollic-eabi/lib/armv7-m\libc_nano.a(lib_a-nano-msizer.o)
 .ARM.attributes
                0x00000923       0x2d c:/program files (x86)/atollic/truestudio for stm32 9.3.0/armtools/bin/../lib/gcc/arm-atollic-eabi/6.3.1/../../../../arm-atollic-eabi/lib/armv7-m\libc_nano.a(lib_a-reent.o)
 .ARM.attributes
                0x00000950       0x2d c:/program files (x86)/atollic/truestudio for stm32 9.3.0/armtools/bin/../lib/gcc/arm-atollic-eabi/6.3.1/../../../../arm-atollic-eabi/lib/armv7-m\libm.a(lib_a-w_asin.o)
 .ARM.attributes
                0x0000097d       0x2d c:/program files (x86)/atollic/truestudio for stm32 9.3.0/armtools/bin/../lib/gcc/arm-atollic-eabi/6.3.1/../../../../arm-atollic-eabi/lib/armv7-m\libm.a(lib_a-e_asin.o)
 .ARM.attributes
                0x000009aa       0x2d c:/program files (x86)/atollic/truestudio for stm32 9.3.0/armtools/bin/../lib/gcc/arm-atollic-eabi/6.3.1/../../../../arm-atollic-eabi/lib/armv7-m\libm.a(lib_a-e_sqrt.o)
 .ARM.attributes
                0x000009d7       0x2d c:/program files (x86)/atollic/truestudio for stm32 9.3.0/armtools/bin/../lib/gcc/arm-atollic-eabi/6.3.1/../../../../arm-atollic-eabi/lib/armv7-m\libm.a(lib_a-s_fabs.o)
 .ARM.attributes
                0x00000a04       0x2d c:/program files (x86)/atollic/truestudio for stm32 9.3.0/armtools/bin/../lib/gcc/arm-atollic-eabi/6.3.1/../../../../arm-atollic-eabi/lib/armv7-m\libm.a(lib_a-s_lib_ver.o)
 .ARM.attributes
                0x00000a31       0x2d c:/program files (x86)/atollic/truestudio for stm32 9.3.0/armtools/bin/../lib/gcc/arm-atollic-eabi/6.3.1/../../../../arm-atollic-eabi/lib/armv7-m\libm.a(lib_a-s_matherr.o)
 .ARM.attributes
                0x00000a5e       0x2d c:/program files (x86)/atollic/truestudio for stm32 9.3.0/armtools/bin/../lib/gcc/arm-atollic-eabi/6.3.1/../../../../arm-atollic-eabi/lib/armv7-m\libm.a(lib_a-s_nan.o)
 .ARM.attributes
                0x00000a8b       0x2d c:/program files (x86)/atollic/truestudio for stm32 9.3.0/armtools/bin/../lib/gcc/arm-atollic-eabi/6.3.1/../../../../arm-atollic-eabi/lib/armv7-m\libc_nano.a(lib_a-errno.o)
 .ARM.attributes
                0x00000ab8       0x1d c:/program files (x86)/atollic/truestudio for stm32 9.3.0/armtools/bin/../lib/gcc/arm-atollic-eabi/6.3.1/armv7-m\libgcc.a(_arm_addsubdf3.o)
 .ARM.attributes
                0x00000ad5       0x1d c:/program files (x86)/atollic/truestudio for stm32 9.3.0/armtools/bin/../lib/gcc/arm-atollic-eabi/6.3.1/armv7-m\libgcc.a(_arm_muldivdf3.o)
 .ARM.attributes
                0x00000af2       0x1d c:/program files (x86)/atollic/truestudio for stm32 9.3.0/armtools/bin/../lib/gcc/arm-atollic-eabi/6.3.1/armv7-m\libgcc.a(_arm_cmpdf2.o)
 .ARM.attributes
                0x00000b0f       0x1d c:/program files (x86)/atollic/truestudio for stm32 9.3.0/armtools/bin/../lib/gcc/arm-atollic-eabi/6.3.1/armv7-m\libgcc.a(_arm_unorddf2.o)
 .ARM.attributes
                0x00000b2c       0x1d c:/program files (x86)/atollic/truestudio for stm32 9.3.0/armtools/bin/../lib/gcc/arm-atollic-eabi/6.3.1/armv7-m\libgcc.a(_arm_truncdfsf2.o)
 .ARM.attributes
                0x00000b49       0x1d c:/program files (x86)/atollic/truestudio for stm32 9.3.0/armtools/bin/../lib/gcc/arm-atollic-eabi/6.3.1/armv7-m\libgcc.a(_arm_addsubsf3.o)
 .ARM.attributes
                0x00000b66       0x1d c:/program files (x86)/atollic/truestudio for stm32 9.3.0/armtools/bin/../lib/gcc/arm-atollic-eabi/6.3.1/armv7-m\libgcc.a(_arm_muldivsf3.o)
 .ARM.attributes
                0x00000b83       0x1d c:/program files (x86)/atollic/truestudio for stm32 9.3.0/armtools/bin/../lib/gcc/arm-atollic-eabi/6.3.1/armv7-m\libgcc.a(_arm_fixsfsi.o)
 .ARM.attributes
                0x00000ba0       0x2d c:/program files (x86)/atollic/truestudio for stm32 9.3.0/armtools/bin/../lib/gcc/arm-atollic-eabi/6.3.1/../../../../arm-atollic-eabi/lib/armv7-m\libnosys.a(sbrk.o)
 .ARM.attributes
                0x00000bcd       0x1d c:/program files (x86)/atollic/truestudio for stm32 9.3.0/armtools/bin/../lib/gcc/arm-atollic-eabi/6.3.1/armv7-m/crtn.o
OUTPUT(TP-RTOS_project.elf elf32-littlearm)

.debug_info     0x00000000    0x2f255
 .debug_info    0x00000000      0xc5d Drivers\MeSN\LSM6DS3\lsm6ds3.o
 .debug_info    0x00000c5d      0xc28 Drivers\MeSN\LSM6DS3\lsm6ds3_port.o
 .debug_info    0x00001885     0x107c Drivers\MeSN\MotorDriver\MotorDriver.o
 .debug_info    0x00002901     0x1088 Drivers\MeSN\MotorDriver\MotorDriver_port.o
 .debug_info    0x00003989     0x1789 Drivers\MeSN\UART\mesn_uart.o
 .debug_info    0x00005112     0x1fcf Drivers\MeSN\i2c\MeSN_i2c.o
 .debug_info    0x000070e1      0xec3 Drivers\STM32L1xx_HAL_Driver\Src\stm32l1xx_hal.o
 .debug_info    0x00007fa4     0x16d1 Drivers\STM32L1xx_HAL_Driver\Src\stm32l1xx_hal_cortex.o
 .debug_info    0x00009675     0x1026 Drivers\STM32L1xx_HAL_Driver\Src\stm32l1xx_hal_dma.o
 .debug_info    0x0000a69b     0x13ce Drivers\STM32L1xx_HAL_Driver\Src\stm32l1xx_hal_gpio.o
 .debug_info    0x0000ba69     0x35b9 Drivers\STM32L1xx_HAL_Driver\Src\stm32l1xx_hal_i2c.o
 .debug_info    0x0000f022     0x1e5d Drivers\STM32L1xx_HAL_Driver\Src\stm32l1xx_hal_rcc.o
 .debug_info    0x00010e7f     0x3a68 Drivers\STM32L1xx_HAL_Driver\Src\stm32l1xx_hal_tim.o
 .debug_info    0x000148e7     0x298c Middlewares\Third_Party\FreeRTOS\Source\CMSIS_RTOS\cmsis_os.o
 .debug_info    0x00017273     0x10aa Middlewares\Third_Party\FreeRTOS\Source\list.o
 .debug_info    0x0001831d     0x129d Middlewares\Third_Party\FreeRTOS\Source\portable\GCC\ARM_CM3\port.o
 .debug_info    0x000195ba     0x1001 Middlewares\Third_Party\FreeRTOS\Source\portable\MemMang\heap_1.o
 .debug_info    0x0001a5bb     0x340a Middlewares\Third_Party\FreeRTOS\Source\queue.o
 .debug_info    0x0001d9c5     0x3b73 Middlewares\Third_Party\FreeRTOS\Source\tasks.o
 .debug_info    0x00021538     0x14b8 Middlewares\TraceRecorder\trcKernelPort.o
 .debug_info    0x000229f0     0x2f17 Middlewares\TraceRecorder\trcSnapshotRecorder.o
 .debug_info    0x00025907     0x1be3 Src\freertos.o
 .debug_info    0x000274ea      0xc4d Src\gpio.o
 .debug_info    0x00028137     0x162c Src\main.o
 .debug_info    0x00029763      0xc34 Src\stm32l1xx_hal_msp.o
 .debug_info    0x0002a397     0x1204 Src\stm32l1xx_hal_timebase_tim.o
 .debug_info    0x0002b59b     0x1394 Src\stm32l1xx_it.o
 .debug_info    0x0002c92f      0xc69 Src\system_stm32l1xx.o
 .debug_info    0x0002d598     0x1267 Src\tim.o
 .debug_info    0x0002e7ff       0x7d startup\startup_stm32l152xe.o
 .debug_info    0x0002e87c      0x9d9 ../Lib/Autom\libSBR_autom_obs-corr.a(regulation.o)

.debug_abbrev   0x00000000     0x5753
 .debug_abbrev  0x00000000      0x1de Drivers\MeSN\LSM6DS3\lsm6ds3.o
 .debug_abbrev  0x000001de      0x221 Drivers\MeSN\LSM6DS3\lsm6ds3_port.o
 .debug_abbrev  0x000003ff      0x2cb Drivers\MeSN\MotorDriver\MotorDriver.o
 .debug_abbrev  0x000006ca      0x25c Drivers\MeSN\MotorDriver\MotorDriver_port.o
 .debug_abbrev  0x00000926      0x35f Drivers\MeSN\UART\mesn_uart.o
 .debug_abbrev  0x00000c85      0x308 Drivers\MeSN\i2c\MeSN_i2c.o
 .debug_abbrev  0x00000f8d      0x2a4 Drivers\STM32L1xx_HAL_Driver\Src\stm32l1xx_hal.o
 .debug_abbrev  0x00001231      0x386 Drivers\STM32L1xx_HAL_Driver\Src\stm32l1xx_hal_cortex.o
 .debug_abbrev  0x000015b7      0x29e Drivers\STM32L1xx_HAL_Driver\Src\stm32l1xx_hal_dma.o
 .debug_abbrev  0x00001855      0x28d Drivers\STM32L1xx_HAL_Driver\Src\stm32l1xx_hal_gpio.o
 .debug_abbrev  0x00001ae2      0x396 Drivers\STM32L1xx_HAL_Driver\Src\stm32l1xx_hal_i2c.o
 .debug_abbrev  0x00001e78      0x37e Drivers\STM32L1xx_HAL_Driver\Src\stm32l1xx_hal_rcc.o
 .debug_abbrev  0x000021f6      0x394 Drivers\STM32L1xx_HAL_Driver\Src\stm32l1xx_hal_tim.o
 .debug_abbrev  0x0000258a      0x48b Middlewares\Third_Party\FreeRTOS\Source\CMSIS_RTOS\cmsis_os.o
 .debug_abbrev  0x00002a15      0x21c Middlewares\Third_Party\FreeRTOS\Source\list.o
 .debug_abbrev  0x00002c31      0x365 Middlewares\Third_Party\FreeRTOS\Source\portable\GCC\ARM_CM3\port.o
 .debug_abbrev  0x00002f96      0x2bc Middlewares\Third_Party\FreeRTOS\Source\portable\MemMang\heap_1.o
 .debug_abbrev  0x00003252      0x403 Middlewares\Third_Party\FreeRTOS\Source\queue.o
 .debug_abbrev  0x00003655      0x499 Middlewares\Third_Party\FreeRTOS\Source\tasks.o
 .debug_abbrev  0x00003aee      0x30b Middlewares\TraceRecorder\trcKernelPort.o
 .debug_abbrev  0x00003df9      0x531 Middlewares\TraceRecorder\trcSnapshotRecorder.o
 .debug_abbrev  0x0000432a      0x309 Src\freertos.o
 .debug_abbrev  0x00004633      0x1f9 Src\gpio.o
 .debug_abbrev  0x0000482c      0x28b Src\main.o
 .debug_abbrev  0x00004ab7      0x1f3 Src\stm32l1xx_hal_msp.o
 .debug_abbrev  0x00004caa      0x249 Src\stm32l1xx_hal_timebase_tim.o
 .debug_abbrev  0x00004ef3      0x22b Src\stm32l1xx_it.o
 .debug_abbrev  0x0000511e      0x1ca Src\system_stm32l1xx.o
 .debug_abbrev  0x000052e8      0x27c Src\tim.o
 .debug_abbrev  0x00005564       0x12 startup\startup_stm32l152xe.o
 .debug_abbrev  0x00005576      0x1dd ../Lib/Autom\libSBR_autom_obs-corr.a(regulation.o)

.debug_loc      0x00000000     0xd68e
 .debug_loc     0x00000000      0x5c6 Drivers\MeSN\LSM6DS3\lsm6ds3.o
 .debug_loc     0x000005c6      0x1d5 Drivers\MeSN\LSM6DS3\lsm6ds3_port.o
 .debug_loc     0x0000079b      0x1bf Drivers\MeSN\MotorDriver\MotorDriver.o
 .debug_loc     0x0000095a       0x6c Drivers\MeSN\MotorDriver\MotorDriver_port.o
 .debug_loc     0x000009c6      0x1b4 Drivers\MeSN\UART\mesn_uart.o
 .debug_loc     0x00000b7a      0x2d7 Drivers\MeSN\i2c\MeSN_i2c.o
 .debug_loc     0x00000e51       0x6a Drivers\STM32L1xx_HAL_Driver\Src\stm32l1xx_hal.o
 .debug_loc     0x00000ebb      0x48c Drivers\STM32L1xx_HAL_Driver\Src\stm32l1xx_hal_cortex.o
 .debug_loc     0x00001347      0x5c6 Drivers\STM32L1xx_HAL_Driver\Src\stm32l1xx_hal_dma.o
 .debug_loc     0x0000190d      0x319 Drivers\STM32L1xx_HAL_Driver\Src\stm32l1xx_hal_gpio.o
 .debug_loc     0x00001c26     0x25b8 Drivers\STM32L1xx_HAL_Driver\Src\stm32l1xx_hal_i2c.o
 .debug_loc     0x000041de      0xaf6 Drivers\STM32L1xx_HAL_Driver\Src\stm32l1xx_hal_rcc.o
 .debug_loc     0x00004cd4     0x2fae Drivers\STM32L1xx_HAL_Driver\Src\stm32l1xx_hal_tim.o
 .debug_loc     0x00007c82      0xf75 Middlewares\Third_Party\FreeRTOS\Source\CMSIS_RTOS\cmsis_os.o
 .debug_loc     0x00008bf7       0x94 Middlewares\Third_Party\FreeRTOS\Source\list.o
 .debug_loc     0x00008c8b       0xce Middlewares\Third_Party\FreeRTOS\Source\portable\GCC\ARM_CM3\port.o
 .debug_loc     0x00008d59       0x98 Middlewares\Third_Party\FreeRTOS\Source\portable\MemMang\heap_1.o
 .debug_loc     0x00008df1     0x119f Middlewares\Third_Party\FreeRTOS\Source\queue.o
 .debug_loc     0x00009f90     0x1594 Middlewares\Third_Party\FreeRTOS\Source\tasks.o
 .debug_loc     0x0000b524      0x493 Middlewares\TraceRecorder\trcKernelPort.o
 .debug_loc     0x0000b9b7     0x1963 Middlewares\TraceRecorder\trcSnapshotRecorder.o
 .debug_loc     0x0000d31a      0x13d Src\freertos.o
 .debug_loc     0x0000d457       0x2c Src\main.o
 .debug_loc     0x0000d483       0x94 Src\stm32l1xx_hal_timebase_tim.o
 .debug_loc     0x0000d517      0x135 Src\system_stm32l1xx.o
 .debug_loc     0x0000d64c       0x42 Src\tim.o

.debug_aranges  0x00000000     0x11b0
 .debug_aranges
                0x00000000       0xf0 Drivers\MeSN\LSM6DS3\lsm6ds3.o
 .debug_aranges
                0x000000f0       0x40 Drivers\MeSN\LSM6DS3\lsm6ds3_port.o
 .debug_aranges
                0x00000130       0x30 Drivers\MeSN\MotorDriver\MotorDriver.o
 .debug_aranges
                0x00000160       0x40 Drivers\MeSN\MotorDriver\MotorDriver_port.o
 .debug_aranges
                0x000001a0       0x40 Drivers\MeSN\UART\mesn_uart.o
 .debug_aranges
                0x000001e0       0x80 Drivers\MeSN\i2c\MeSN_i2c.o
 .debug_aranges
                0x00000260       0xa8 Drivers\STM32L1xx_HAL_Driver\Src\stm32l1xx_hal.o
 .debug_aranges
                0x00000308       0xa8 Drivers\STM32L1xx_HAL_Driver\Src\stm32l1xx_hal_cortex.o
 .debug_aranges
                0x000003b0       0x78 Drivers\STM32L1xx_HAL_Driver\Src\stm32l1xx_hal_dma.o
 .debug_aranges