trcSnapshotRecorder.c:2415:13:prvStrncpy	8	static
trcSnapshotRecorder.c:2621:6:prvTraceUpdateCounters	4	static
trcSnapshotRecorder.c:274:6:vTraceSetStopHook	0	static
trcSnapshotRecorder.c:285:6:vTraceClear	16	static
trcSnapshotRecorder.c:377:6:vTraceStop	0	static
trcSnapshotRecorder.c:394:5:xTraceIsRecordingEnabled	0	static
trcSnapshotRecorder.c:412:13:xTraceGetLastError	0	static
trcSnapshotRecorder.c:425:6:vTraceClearError	0	static
trcSnapshotRecorder.c:442:7:xTraceGetTraceBuffer	0	static
trcSnapshotRecorder.c:454:10:uiTraceGetTraceBufferSize	0	static
trcSnapshotRecorder.c:1554:6:prvTraceSetReadyEventsEnabled	0	static
trcSnapshotRecorder.c:2509:6:vTraceSetFrequency	0	static
trcSnapshotRecorder.c:2530:6:prvTraceError	16	static
trcSnapshotRecorder.c:2286:7:prvTraceNextFreeEventBufferSlot	8	static
trcSnapshotRecorder.c:2303:10:uiIndexOfObject	8	static
trcSnapshotRecorder.c:2404:6:prvMarkObjectAsUsed	8	static
trcSnapshotRecorder.c:2049:6:prvTraceStoreObjectPropertiesOnCloseEvent	24	static
trcSnapshotRecorder.c:2079:6:prvTraceSetPriorityProperty	16	static
trcSnapshotRecorder.c:2089:9:prvTraceGetPriorityProperty	16	static
trcSnapshotRecorder.c:2099:6:prvTraceSetObjectState	16	static
trcSnapshotRecorder.c:2119:6:prvTraceSetTaskInstanceFinished	8	static
trcSnapshotRecorder.c:2321:13:prvTraceGetObjectHandle	24	static
trcSnapshotRecorder.c:2373:6:prvTraceFreeObjectHandle	4	static
trcSnapshotRecorder.c:2432:6:prvTraceSetObjectName	16	static
trcSnapshotRecorder.c:570:14:xTraceSetISRProperties	24	static
trcSnapshotRecorder.c:2019:6:prvTraceStoreObjectNameOnCloseEvent	56	static
trcSnapshotRecorder.c:2550:6:vTraceSetFilterMask	0	static
trcSnapshotRecorder.c:2555:6:vTraceSetFilterGroup	0	static
trcSnapshotRecorder.c:2951:6:prvTraceInitCortexM	0	static
trcSnapshotRecorder.c:3016:6:prvTracePortGetTimeStamp	12	static
trcSnapshotRecorder.c:2657:10:prvTraceGetDTS	24	static
trcSnapshotRecorder.c:464:13:prvTraceTaskInstanceFinish	24	static
trcSnapshotRecorder.c:512:6:vTraceInstanceFinishedNext	0	static
trcSnapshotRecorder.c:541:6:vTraceInstanceFinishedNow	0	static
trcSnapshotRecorder.c:603:6:vTraceStoreISRBegin	24	static
trcSnapshotRecorder.c:682:6:vTraceStoreISREnd	24	static
trcSnapshotRecorder.c:1564:6:prvTraceStoreTaskReady	24	static
trcSnapshotRecorder.c:1628:6:prvTraceStoreLowPower	24	static
trcSnapshotRecorder.c:1757:6:prvTraceStoreKernelCall	24	static
trcSnapshotRecorder.c:1815:6:prvTraceStoreKernelCallWithParam	32	static
trcSnapshotRecorder.c:1909:6:prvTraceStoreKernelCallWithNumericParamOnly	32	static
trcSnapshotRecorder.c:1959:6:prvTraceStoreTaskswitch	32	static
trcSnapshotRecorder.c:316:10:uiTraceStart	24	static
trcSnapshotRecorder.c:366:6:vTraceStart	0	static
trcSnapshotRecorder.c:235:6:vTraceEnable	56	static
