lsm6ds3.c:72:18:LSM6DS3Core_embeddedPage	0	static
lsm6ds3.c:79:18:LSM6DS3Core_basePage	0	static
lsm6ds3.c:130:18:LSM6DS3_readRawAccelX	0	static
lsm6ds3.c:148:18:LSM6DS3_readRawAccelY	0	static
lsm6ds3.c:166:18:LSM6DS3_readRawAccelZ	0	static
lsm6ds3.c:185:9:LSM6DS3_calcAccel	0	static
lsm6ds3.c:134:18:LSM6DS3_readMgAccelX	16	static
lsm6ds3.c:152:18:LSM6DS3_readMgAccelY	16	static
lsm6ds3.c:170:18:LSM6DS3_readMgAccelZ	16	static
lsm6ds3.c:195:18:LSM6DS3_readRawGyroX	0	static
lsm6ds3.c:213:18:LSM6DS3_readRawGyroY	0	static
lsm6ds3.c:231:18:LSM6DS3_readRawGyroZ	0	static
lsm6ds3.c:250:9:LSM6DS3_calcGyro	0	static
lsm6ds3.c:199:18:LSM6DS3_readMdpsGyroX	16	static
lsm6ds3.c:217:18:LSM6DS3_readMdpsGyroY	16	static
lsm6ds3.c:235:18:LSM6DS3_readMdpsGyroZ	16	static
lsm6ds3.c:265:9:LSM6DS3_readRawTemp	16	static
lsm6ds3.c:272:7:LSM6DS3_readTempC	8	static
lsm6ds3.c:281:7:LSM6DS3_readTempF	8	static
lsm6ds3.c:296:6:LSM6DS3_fifoBegin	16	static
lsm6ds3.c:385:9:LSM6DS3_fifoRead	24	static
lsm6ds3.c:397:10:LSM6DS3_fifoGetStatus	24	static
lsm6ds3.c:378:6:LSM6DS3_fifoClear	8	static
lsm6ds3.c:409:6:LSM6DS3_fifoEnd	0	static
lsm6ds3.c:416:18:LSM6DS3_begin_accel	16	static
lsm6ds3.c:512:18:LSM6DS3_begin_gyro	0	static
lsm6ds3.c:96:18:LSM6DS3_begin	16	static
